[    0.000000] Booting Linux on physical CPU 0x0000000000 [0x000f0510]
[    0.000000] Linux version 6.8.0-146-generic-64k (buildd@bos03-arm64-107) (aarch64-linux-gnu-gcc-13 (Ubuntu 13.3.0-6ubuntu2~24.04.1) 13.3.0, GNU ld (GNU Binutils for Ubuntu) 2.42) #146-Ubuntu SMP PREEMPT_DYNAMIC Thu Sep  3 17:38:13 UTC 2026 (Ubuntu 6.8.0-146.146-generic-64k 6.8.12)
[    0.000000] KASLR enabled
[    0.000000] random: crng init done
[    0.000000] Machine model: linux,dummy-virt
[    0.000000] efi: UEFI not found.
[    0.000000] NUMA: No NUMA configuration found
[    0.000000] NUMA: Faking a node at [mem 0x0000000040000000-0x0000000047ffffff]
[    0.000000] NUMA: NODE_DATA [mem 0x47f8a5c0-0x47f8ffff]
[    0.000000] Zone ranges:
[    0.000000]   DMA      [mem 0x0000000040000000-0x0000000047ffffff]
[    0.000000]   DMA32    empty
[    0.000000]   Normal   empty
[    0.000000]   Device   empty
[    0.000000] Movable zone start for each node
[    0.000000] Early memory node ranges
[    0.000000]   node   0: [mem 0x0000000040000000-0x0000000047ffffff]
[    0.000000] Initmem setup node 0 [mem 0x0000000040000000-0x0000000047ffffff]
[    0.000000] On node 0, zone DMA: 6144 pages in unavailable ranges
[    0.000000] cma: Failed to reserve 512 MiB on node -1
[    0.000000] psci: probing for conduit method from DT.
[    0.000000] psci: PSCIv1.1 detected in firmware.
[    0.000000] psci: Using standard PSCI v0.2 function IDs
[    0.000000] psci: Trusted OS migration not required
[    0.000000] psci: SMC Calling Convention v1.0
[    0.000000] percpu: Embedded 11 pages/cpu s586984 r8192 d125720 u720896
[    0.000000] Detected PIPT I-cache on CPU0
[    0.000000] CPU features: detected: Address authentication (architected QARMA5 algorithm)
[    0.000000] CPU features: detected: HCRX_EL2 register
[    0.000000] CPU features: detected: Spectre-v4
[    0.000000] CPU features: detected: Spectre-BHB
[    0.000000] alternatives: applying boot alternatives
[    0.000000] Kernel command line: console=ttyAMA0 rdinit=/init panic=1
[    0.000000] Dentry cache hash table entries: 16384 (order: 1, 131072 bytes, linear)
[    0.000000] Inode-cache hash table entries: 8192 (order: 0, 65536 bytes, linear)
[    0.000000] Fallback order for Node 0: 0 
[    0.000000] Built 1 zonelists, mobility grouping off.  Total pages: 2046
[    0.000000] Policy zone: DMA
[    0.000000] mem auto-init: stack:all(zero), heap alloc:on, heap free:off
[    0.000000] software IO TLB: SWIOTLB bounce buffer size adjusted to 0MB
[    0.000000] software IO TLB: area num 1.
[    0.000000] software IO TLB: mapped [mem 0x0000000047dc0000-0x0000000047e00000] (0MB)
[    0.000000] Memory: 66112K/131072K available (23424K kernel code, 5354K rwdata, 16512K rodata, 12992K init, 1702K bss, 64960K reserved, 0K cma-reserved)
[    0.000000] SLUB: HWalign=64, Order=0-3, MinObjects=0, CPUs=1, Nodes=1
[    0.000000] ftrace: allocating 62636 entries in 16 pages
[    0.000000] ftrace: allocated 16 pages with 1 groups
[    0.000000] Dynamic Preempt: voluntary
[    0.000000] rcu: Preemptible hierarchical RCU implementation.
[    0.000000] rcu: 	RCU restricting CPUs from NR_CPUS=512 to nr_cpu_ids=1.
[    0.000000] 	Trampoline variant of Tasks RCU enabled.
[    0.000000] 	Rude variant of Tasks RCU enabled.
[    0.000000] 	Tracing variant of Tasks RCU enabled.
[    0.000000] rcu: RCU calculated value of scheduler-enlistment delay is 100 jiffies.
[    0.000000] rcu: Adjusting geometry for rcu_fanout_leaf=16, nr_cpu_ids=1
[    0.000000] RCU Tasks: Setting shift to 0 and lim to 1 rcu_task_cb_adjust=1 rcu_task_cpu_ids=1.
[    0.000000] RCU Tasks Rude: Setting shift to 0 and lim to 1 rcu_task_cb_adjust=1 rcu_task_cpu_ids=1.
[    0.000000] RCU Tasks Trace: Setting shift to 0 and lim to 1 rcu_task_cb_adjust=1 rcu_task_cpu_ids=1.
[    0.000000] NR_IRQS: 64, nr_irqs: 64, preallocated irqs: 0
[    0.000000] Root IRQ handler: gic_handle_irq
[    0.000000] GICv2m: range[mem 0x08020000-0x08020fff], SPI[80:143]
[    0.000000] rcu: srcu_init: Setting srcu_struct sizes based on contention.
[    0.000000] arch_timer: cp15 timer(s) running at 62.50MHz (virt).
[    0.000000] clocksource: arch_sys_counter: mask: 0x1ffffffffffffff max_cycles: 0x1cd42e208c, max_idle_ns: 881590405314 ns
[    0.000100] sched_clock: 57 bits at 63MHz, resolution 16ns, wraps every 4398046511096ns
[    0.030954] Console: colour dummy device 80x25
[    0.055084] Calibrating delay loop (skipped), value calculated using timer frequency.. 125.00 BogoMIPS (lpj=62500)
[    0.056831] pid_max: default: 32768 minimum: 301
[    0.098915] LSM: initializing lsm=lockdown,capability,landlock,yama,apparmor,integrity
[    0.103653] landlock: Up and running.
[    0.103766] Yama: becoming mindful.
[    0.137700] AppArmor: AppArmor initialized
[    0.179161] Mount-cache hash table entries: 8192 (order: 0, 65536 bytes, linear)
[    0.179448] Mountpoint-cache hash table entries: 8192 (order: 0, 65536 bytes, linear)
[    0.314959] cacheinfo: Unable to detect cache hierarchy for CPU 0
[    0.363810] rcu: Hierarchical SRCU implementation.
[    0.363933] rcu: 	Max phase no-delay instances is 400.
[    0.404473] EFI services will not be available.
[    0.412442] smp: Bringing up secondary CPUs ...
[    0.414405] smp: Brought up 1 node, 1 CPU
[    0.414548] SMP: Total of 1 processors activated.
[    0.414646] CPU: All CPU(s) started at EL1
[    0.415442] CPU features: detected: Branch Target Identification
[    0.415616] CPU features: detected: 32-bit EL0 Support
[    0.415714] CPU features: detected: 32-bit EL1 Support
[    0.415808] CPU features: detected: ARMv8.4 Translation Table Level
[    0.415931] CPU features: detected: Data cache clean to the PoU not required for I/D coherence
[    0.416119] CPU features: detected: Common not Private translations
[    0.416203] CPU features: detected: CRC32 instructions
[    0.416278] CPU features: detected: Data cache clean to Point of Deep Persistence
[    0.416519] CPU features: detected: Data cache clean to Point of Persistence
[    0.416599] CPU features: detected: Data independent timing control (DIT)
[    0.416675] CPU features: detected: E0PD
[    0.416767] CPU features: detected: Enhanced Privileged Access Never
[    0.416843] CPU features: detected: Enhanced Virtualization Traps
[    0.416919] CPU features: detected: Fine Grained Traps
[    0.417117] CPU features: detected: Generic authentication (architected QARMA5 algorithm)
[    0.417203] CPU features: detected: RCpc load-acquire (LDAPR)
[    0.417285] CPU features: detected: LSE atomic instructions
[    0.417361] CPU features: detected: Memory Copy and Memory Set instructions
[    0.417641] CPU features: detected: Privileged Access Never
[    0.417720] CPU features: detected: RAS Extension Support
[    0.417801] CPU features: detected: Random Number Generator
[    0.417876] CPU features: detected: Speculation barrier (SB)
[    0.417951] CPU features: detected: Stage-2 Force Write-Back
[    0.418031] CPU features: detected: Trap EL0 IMPLEMENTATION DEFINED functionality
[    0.418107] CPU features: detected: TLB range maintenance instructions
[    0.418236] CPU features: detected: Speculative Store Bypassing Safe (SSBS)
[    0.418314] CPU features: detected: Scalable Vector Extension
[    0.433837] alternatives: applying system-wide alternatives
[    0.461874] CPU features: detected: Hardware dirty bit management on CPU0
[    0.463440] SVE: maximum available vector length 256 bytes per vector
[    0.463771] SVE: default vector length 64 bytes per vector
[    0.563748] devtmpfs: initialized
[    0.663536] clocksource: jiffies: mask: 0xffffffff max_cycles: 0xffffffff, max_idle_ns: 1911260446275000 ns
[    0.664886] futex hash table entries: 256 (order: 0, 16384 bytes, linear)
[    0.690171] pinctrl core: initialized pinctrl subsystem
[    0.725232] DMI not present or invalid.
[    0.749987] NET: Registered PF_NETLINK/PF_ROUTE protocol family
[    0.768256] DMA: preallocated 128 KiB GFP_KERNEL pool for atomic allocations
[    0.769061] DMA: preallocated 128 KiB GFP_KERNEL|GFP_DMA pool for atomic allocations
[    0.769471] DMA: preallocated 128 KiB GFP_KERNEL|GFP_DMA32 pool for atomic allocations
[    0.770270] audit: initializing netlink subsys (disabled)
[    0.774684] audit: type=2000 audit(0.602:1): state=initialized audit_enabled=0 res=1
[    0.803881] thermal_sys: Registered thermal governor 'fair_share'
[    0.804023] thermal_sys: Registered thermal governor 'bang_bang'
[    0.804118] thermal_sys: Registered thermal governor 'step_wise'
[    0.804196] thermal_sys: Registered thermal governor 'user_space'
[    0.804274] thermal_sys: Registered thermal governor 'power_allocator'
[    0.806828] cpuidle: using governor ladder
[    0.807551] cpuidle: using governor menu
[    0.811478] hw-breakpoint: found 6 breakpoint and 4 watchpoint registers.
[    0.812273] ASID allocator initialised with 65536 entries
[    0.843275] Serial: AMBA PL011 UART driver
[    1.098786] 9000000.pl011: ttyAMA0 at MMIO 0x9000000 (irq = 13, base_baud = 0) is a PL011 rev1
[    1.100888] printk: legacy console [ttyAMA0] enabled
[    1.209229] Modules: 2G module region forced by RANDOMIZE_MODULE_REGION_FULL
[    1.210041] Modules: 0 pages in range for non-PLT usage
[    1.210133] Modules: 31816 pages in range for PLT usage
[    1.242673] HugeTLB: registered 16.0 GiB page size, pre-allocated 0 pages
[    1.243839] HugeTLB: 0 KiB vmemmap can be freed for a 16.0 GiB page
[    1.244444] HugeTLB: registered 512 MiB page size, pre-allocated 0 pages
[    1.245298] HugeTLB: 0 KiB vmemmap can be freed for a 512 MiB page
[    1.245898] HugeTLB: registered 2.00 MiB page size, pre-allocated 0 pages
[    1.246635] HugeTLB: 0 KiB vmemmap can be freed for a 2.00 MiB page
[    1.403142] ACPI: Interpreter disabled.
[    1.427205] iommu: Default domain type: Translated
[    1.427883] iommu: DMA domain TLB invalidation policy: strict mode
[    1.450528] SCSI subsystem initialized
[    1.459474] usbcore: registered new interface driver usbfs
[    1.460926] usbcore: registered new interface driver hub
[    1.462378] usbcore: registered new device driver usb
[    1.468190] pps_core: LinuxPPS API ver. 1 registered
[    1.468829] pps_core: Software ver. 5.3.6 - Copyright 2005-2007 Rodolfo Giometti <giometti@linux.it>
[    1.469762] PTP clock support registered
[    1.474161] EDAC MC: Ver: 3.0.0
[    1.486884] scmi_core: SCMI protocol bus registered
[    1.532748] NetLabel: Initializing
[    1.533147] NetLabel:  domain hash size = 128
[    1.533716] NetLabel:  protocols = UNLABELED CIPSOv4 CALIPSO
[    1.537419] NetLabel:  unlabeled traffic allowed by default
[    1.543046] mctp: management component transport protocol core
[    1.543748] NET: Registered PF_MCTP protocol family
[    1.549589] vgaarb: loaded
[    1.559503] clocksource: Switched to clocksource arch_sys_counter
[    1.668354] VFS: Disk quotas dquot_6.6.0
[    1.670732] VFS: Dquot-cache hash table entries: 8192 (order 0, 65536 bytes)
[    1.691317] AppArmor: AppArmor Filesystem Enabled
[    1.693171] pnp: PnP ACPI: disabled
[    1.880752] NET: Registered PF_INET protocol family
[    1.886255] IP idents hash table entries: 8192 (order: 0, 65536 bytes, linear)
[    2.851201] tcp_listen_portaddr_hash hash table entries: 4096 (order: 0, 65536 bytes, linear)
[    2.853013] Table-perturb hash table entries: 65536 (order: 2, 262144 bytes, linear)
[    2.854429] TCP established hash table entries: 8192 (order: 0, 65536 bytes, linear)
[    2.856263] TCP bind hash table entries: 8192 (order: 2, 262144 bytes, linear)
[    2.857771] TCP: Hash tables configured (established 8192 bind 8192)
[    2.863048] MPTCP token hash table entries: 4096 (order: 1, 98304 bytes, linear)
[    2.865053] UDP hash table entries: 2048 (order: 0, 65536 bytes, linear)
[    2.866743] UDP-Lite hash table entries: 2048 (order: 0, 65536 bytes, linear)
[    2.872230] NET: Registered PF_UNIX/PF_LOCAL protocol family
[    2.874496] NET: Registered PF_XDP protocol family
[    2.876058] PCI: CLS 0 bytes, default 64
[    2.887423] kvm [1]: HYP mode not available
[    2.894291] Trying to unpack rootfs image as initramfs...
[    2.938392] Initialise system trusted keyrings
[    2.945499] Key type blacklist registered
[    2.952199] workingset: timestamp_bits=40 max_order=11 bucket_order=0
[    2.961025] zbud: loaded
[    3.094980] Freeing initrd memory: 960K
[    3.099955] squashfs: version 4.0 (2009/01/31) Phillip Lougher
[    3.128404] fuse: init (API version 7.39)
[    3.140798] integrity: Platform Keyring initialized
[    3.141931] integrity: Machine keyring initialized
[    3.742441] Key type asymmetric registered
[    3.743139] Asymmetric key parser 'x509' registered
[    3.744458] Block layer SCSI generic (bsg) driver version 0.4 loaded (major 242)
[    3.748293] io scheduler mq-deadline registered
[    3.918426] pl061_gpio 9030000.pl061: PL061 GPIO chip registered
[    3.935895] shpchp: Standard Hot Plug PCI Controller Driver version: 0.4
[    3.955294] pci-host-generic 4010000000.pcie: host bridge /pcie@10000000 ranges:
[    3.957267] pci-host-generic 4010000000.pcie:       IO 0x003eff0000..0x003effffff -> 0x0000000000
[    3.959302] pci-host-generic 4010000000.pcie:      MEM 0x0010000000..0x003efeffff -> 0x0010000000
[    3.960415] pci-host-generic 4010000000.pcie:      MEM 0x8000000000..0xffffffffff -> 0x8000000000
[    3.963139] pci-host-generic 4010000000.pcie: Memory resource size exceeds max for 32 bits
[    3.964852] pci-host-generic 4010000000.pcie: ECAM at [mem 0x4010000000-0x401fffffff] for [bus 00-ff]
[    3.970277] pci-host-generic 4010000000.pcie: PCI host bridge to bus 0000:00
[    3.971371] pci_bus 0000:00: root bus resource [bus 00-ff]
[    3.972185] pci_bus 0000:00: root bus resource [io  0x0000-0xffff]
[    3.972964] pci_bus 0000:00: root bus resource [mem 0x10000000-0x3efeffff]
[    3.973709] pci_bus 0000:00: root bus resource [mem 0x8000000000-0xffffffffff]
[    3.976787] pci 0000:00:00.0: [1b36:0008] type 00 class 0x060000 conventional PCI endpoint
[    4.354824] Serial: 8250/16550 driver, 32 ports, IRQ sharing enabled
[    4.634418] msm_serial: driver initialized
[    4.637920] SuperH (H)SCI(F) driver initialized
[    4.813341] loop: module loaded
[    4.861431] tun: Universal TUN/TAP device driver, 1.6
[    4.879349] PPP generic driver version 2.4.2
[    4.901276] mousedev: PS/2 mouse device common for all mice
[    4.915350] i2c_dev: i2c /dev entries driver
[    4.941967] device-mapper: core: CONFIG_IMA_DISABLE_HTABLE is disabled. Duplicate IMA measurements will not be recorded in the IMA log.
[    4.943252] device-mapper: uevent: version 1.0.3
[    4.947142] device-mapper: ioctl: 4.48.0-ioctl (2023-03-01) initialised: dm-devel@redhat.com
[    4.972707] ledtrig-cpu: registered to indicate activity on CPUs
[    5.021361] hw perfevents: enabled with armv8_pmuv3 PMU driver, 7 counters available
[    5.025441] watchdog: Delayed init of the lockup detector failed: -19
[    5.026236] watchdog: Hard watchdog permanently disabled
[    5.036416] drop_monitor: Initializing network drop monitor service
[    5.044991] NET: Registered PF_INET6 protocol family
[    5.104935] Segment Routing with IPv6
[    5.107048] In-situ OAM (IOAM) with IPv6
[    5.111232] NET: Registered PF_PACKET protocol family
[    5.114178] Key type dns_resolver registered
[    5.471239] registered taskstats version 1
[    5.481350] Loading compiled-in X.509 certificates
[    5.505277] Loaded X.509 cert 'Build time autogenerated kernel key: e56ccbe26d36f7299278fba129a21fda5d48c427'
[    5.511082] Loaded X.509 cert 'Canonical Ltd. Live Patch Signing 2025 Kmod: d541cef61dc7e793b7eb7e899970a2eef0b5dc8c'
[    5.517184] Loaded X.509 cert 'Canonical Ltd. Live Patch Signing: 14df34d1a87cf37625abec039ef2bf521249b969'
[    5.523030] Loaded X.509 cert 'Canonical Ltd. Kernel Module Signing 2025 Kmod: 4627603d2357a2a3f81006370894c221175893e9'
[    5.528508] Loaded X.509 cert 'Canonical Ltd. Kernel Module Signing: 88f752e560a1e0737e31163a466ad7b70a850c19'
[    5.529773] blacklist: Loading compiled-in revocation X.509 certificates
[    5.532810] Loaded X.509 cert 'Canonical Ltd. Secure Boot Signing: 61482aa2830d0ab2ad5af10b7250da9033ddcef0'
[    5.534476] Loaded X.509 cert 'Canonical Ltd. Secure Boot Signing (2017): 242ade75ac4a15e50d50c84b0d45ff3eae707a03'
[    5.538162] Loaded X.509 cert 'Canonical Ltd. Secure Boot Signing (ESM 2018): 365188c1d374d6b07c3c8f240f8ef722433d6a8b'
[    5.540483] Loaded X.509 cert 'Canonical Ltd. Secure Boot Signing (2019): c0746fd6c5da3ae827864651ad66ae47fe24b3e8'
[    5.543354] Loaded X.509 cert 'Canonical Ltd. Secure Boot Signing (2021 v1): a8d54bbb3825cfb94fa13c9f8a594a195c107b8d'
[    5.545318] Loaded X.509 cert 'Canonical Ltd. Secure Boot Signing (2021 v2): 4cf046892d6fd3c9a5b03f98d845f90851dc6a8c'
[    5.547401] Loaded X.509 cert 'Canonical Ltd. Secure Boot Signing (2021 v3): 100437bb6de6e469b581e61cd66bce3ef4ed53af'
[    5.549291] Loaded X.509 cert 'Canonical Ltd. Secure Boot Signing (Ubuntu Core 2019): c1d57b8f6b743f23ee41f4f7ee292f06eecadfb9'
[    6.251139] Key type .fscrypt registered
[    6.251861] Key type fscrypt-provisioning registered
[    6.305402] Key type encrypted registered
[    6.306363] AppArmor: AppArmor sha256 policy hashing enabled
[    6.309457] ima: No TPM chip found, activating TPM-bypass!
[    6.310836] Loading compiled-in module X.509 certificates
[    6.315243] Loaded X.509 cert 'Build time autogenerated kernel key: e56ccbe26d36f7299278fba129a21fda5d48c427'
[    6.316798] ima: Allocated hash algorithm: sha256
[    6.320950] ima: No architecture policies found
[    6.322842] evm: Initialising EVM extended attributes:
[    6.323322] evm: security.selinux
[    6.323868] evm: security.SMACK64
[    6.324209] evm: security.SMACK64EXEC
[    6.324741] evm: security.SMACK64TRANSMUTE
[    6.325128] evm: security.SMACK64MMAP
[    6.325489] evm: security.apparmor
[    6.326006] evm: security.ima
[    6.326332] evm: security.capability
[    6.327058] evm: HMAC attrs: 0x1
[    6.980092] clk: Disabling unused clocks
[    7.106327] Freeing unused kernel memory: 12992K
[    7.327734] Checked W+X mappings: passed, no W+X pages found
[    7.328907] Run /init as init process
AARCH64_RELOCATION_KERNEL=6.8.0-146-generic-64k pageSize=65536
OK: independent source/destination mappings are one GiB apart without replacing another mapping
OK: seed GNU-assembled code and pools using W^X protection changes and explicit instruction-cache synchronization
OK: far ADR retains the original unaligned absolute address and NZCV
OK: negative ADR offsets preserve their original address
OK: ADRP uses architectural 4 KiB page arithmetic even when the Linux page size differs
OK: far LDR W zero-extends original live literal data
OK: far LDRSW retains sign extension and flags
OK: far LDR X reads the original 64-bit literal address
OK: far SIMD S literal loads retain all 32 raw bits
OK: far SIMD D literal loads retain all 64 raw bits
OK: far SIMD Q literal loads retain both 64-bit halves
OK: far prefetch and zero-register literals use only the explicitly permitted scratch register
OK: changing a literal after relocation is observed by the same relocated code, without a stale copied pool
OK: restore the original source image after live pool mutation
OK: forward and backward internal branches follow relocated instruction boundaries
OK: an explicitly permitted far tail branch preserves the caller's return link
OK: far BLR X30 returns through the relocated call continuation and preserves the function's original return link
OK: all 256 NZCV/condition combinations preserve values and flags for internal and far external branches, including AL/NV
OK: far CBZ/CBNZ/TBZ/TBNZ preserve W/X widths, low/high bits and NZCV
OK: restore every original code and literal byte after the execution matrix
OK: release both mappings after all actual Linux executions
AARCH64_RELOCATION_RESULT=PASSED checks=21 executions=1119 failures=0
[    7.957354] reboot: Power down
