[    0.000000] Booting Linux on physical CPU 0x0000000000 [0x000f0510]
[    0.000000] Linux version 6.18.52-0-virt (buildozer@build-3-23-aarch64) (cc (Alpine 15.2.0) 15.2.0, GNU ld (GNU Binutils) 2.45.1) #1-Alpine SMP PREEMPT_DYNAMIC 2026-09-14 14:00:08
[    0.000000] random: crng init done
[    0.000000] Machine model: linux,dummy-virt
[    0.000000] efi: UEFI not found.
[    0.000000] OF: reserved mem: Reserved memory: No reserved-memory node in the DT
[    0.000000] NUMA: Faking a node at [mem 0x0000000040000000-0x000000005fffffff]
[    0.000000] NODE_DATA(0) allocated [mem 0x5fcfa7c0-0x5fcfcc7f]
[    0.000000] Zone ranges:
[    0.000000]   DMA      [mem 0x0000000040000000-0x000000005fffffff]
[    0.000000]   DMA32    empty
[    0.000000]   Normal   empty
[    0.000000] Movable zone start for each node
[    0.000000] Early memory node ranges
[    0.000000]   node   0: [mem 0x0000000040000000-0x000000005fffffff]
[    0.000000] Initmem setup node 0 [mem 0x0000000040000000-0x000000005fffffff]
[    0.000000] psci: probing for conduit method from DT.
[    0.000000] psci: PSCIv1.1 detected in firmware.
[    0.000000] psci: Using standard PSCI v0.2 function IDs
[    0.000000] psci: Trusted OS migration not required
[    0.000000] psci: SMC Calling Convention v1.0
[    0.000000] percpu: Embedded 34 pages/cpu s99544 r8192 d31528 u139264
[    0.000000] Detected PIPT I-cache on CPU0
[    0.000000] CPU features: detected: Address authentication (architected QARMA5 algorithm)
[    0.000000] CPU features: detected: HCRX_EL2 register
[    0.000000] CPU features: detected: Spectre-v4
[    0.000000] CPU features: detected: Spectre-BHB
[    0.000000] alternatives: applying boot alternatives
[    0.000000] Kernel command line: console=ttyAMA0 rdinit=/init panic=1
[    0.000000] printk: log buffer data + meta data: 131072 + 458752 = 589824 bytes
[    0.000000] Dentry cache hash table entries: 65536 (order: 7, 524288 bytes, linear)
[    0.000000] Inode-cache hash table entries: 32768 (order: 6, 262144 bytes, linear)
[    0.000000] software IO TLB: SWIOTLB bounce buffer size adjusted to 0MB
[    0.000000] software IO TLB: area num 2.
[    0.000000] software IO TLB: mapped [mem 0x000000005f340000-0x000000005f3c0000] (0MB)
[    0.000000] Fallback order for Node 0: 0 
[    0.000000] Built 1 zonelists, mobility grouping on.  Total pages: 131072
[    0.000000] Policy zone: DMA
[    0.000000] mem auto-init: stack:all(zero), heap alloc:on, heap free:off
[    0.000000] SLUB: HWalign=64, Order=0-3, MinObjects=0, CPUs=2, Nodes=1
[    0.000000] Dynamic Preempt: none
[    0.000000] rcu: Preemptible hierarchical RCU implementation.
[    0.000000] rcu: 	RCU restricting CPUs from NR_CPUS=4096 to nr_cpu_ids=2.
[    0.000000] 	Trampoline variant of Tasks RCU enabled.
[    0.000000] 	Tracing variant of Tasks RCU enabled.
[    0.000000] rcu: RCU calculated value of scheduler-enlistment delay is 100 jiffies.
[    0.000000] rcu: Adjusting geometry for rcu_fanout_leaf=16, nr_cpu_ids=2
[    0.000000] RCU Tasks: Setting shift to 1 and lim to 1 rcu_task_cb_adjust=1 rcu_task_cpu_ids=2.
[    0.000000] RCU Tasks Trace: Setting shift to 1 and lim to 1 rcu_task_cb_adjust=1 rcu_task_cpu_ids=2.
[    0.000000] NR_IRQS: 64, nr_irqs: 64, preallocated irqs: 0
[    0.000000] Root IRQ handler: gic_handle_irq
[    0.000000] GICv2m: range[mem 0x08020000-0x08020fff], SPI[80:143]
[    0.000000] rcu: srcu_init: Setting srcu_struct sizes based on contention.
[    0.000000] clocksource: jiffies: mask: 0xffffffff max_cycles: 0xffffffff, max_idle_ns: 1911260446275000 ns
[    0.000000] arch_timer: cp15 timer running at 62.50MHz (virt).
[    0.000000] clocksource: arch_sys_counter: mask: 0x1ffffffffffffff max_cycles: 0x1cd42e208c, max_idle_ns: 881590405314 ns
[    0.000070] sched_clock: 57 bits at 63MHz, resolution 16ns, wraps every 4398046511096ns
[    0.004192] kfence: initialized - using 2097152 bytes for 255 objects at 0x(____ptrval____)-0x(____ptrval____)
[    0.022612] Console: colour dummy device 80x25
[    0.031114] Calibrating delay loop (skipped), value calculated using timer frequency.. 125.00 BogoMIPS (lpj=62500)
[    0.032243] pid_max: default: 32768 minimum: 301
[    0.039751] LSM: initializing lsm=lockdown,capability,landlock,yama
[    0.043735] landlock: Up and running.
[    0.043813] Yama: becoming mindful.
[    0.048302] Mount-cache hash table entries: 1024 (order: 1, 8192 bytes, linear)
[    0.048486] Mountpoint-cache hash table entries: 1024 (order: 1, 8192 bytes, linear)
[    0.138999] rcu: Hierarchical SRCU implementation.
[    0.139108] rcu: 	Max phase no-delay instances is 400.
[    0.143397] Timer migration: 1 hierarchy levels; 8 children per group; 1 crossnode level
[    0.164641] EFI services will not be available.
[    0.169442] smp: Bringing up secondary CPUs ...
[    0.185628] Detected PIPT I-cache on CPU1
[    0.191999] CPU1: Booted secondary processor 0x0000000001 [0x000f0510]
[    0.199878] smp: Brought up 1 node, 2 CPUs
[    0.200214] SMP: Total of 2 processors activated.
[    0.200303] CPU: All CPU(s) started at EL1
[    0.200656] CPU features: detected: Branch Target Identification
[    0.200739] CPU features: detected: 32-bit EL0 Support
[    0.200790] CPU features: detected: 32-bit EL1 Support
[    0.200834] CPU features: detected: ARMv8.4 Translation Table Level
[    0.200895] CPU features: detected: Data cache clean to the PoU not required for I/D coherence
[    0.200995] CPU features: detected: Common not Private translations
[    0.201043] CPU features: detected: CRC32 instructions
[    0.201085] CPU features: detected: Data independent timing control (DIT)
[    0.201228] CPU features: detected: E0PD
[    0.201301] CPU features: detected: Enhanced Privileged Access Never
[    0.201345] CPU features: detected: Enhanced Virtualization Traps
[    0.201404] CPU features: detected: Fine Grained Traps
[    0.201567] CPU features: detected: Generic authentication (architected QARMA5 algorithm)
[    0.201700] CPU features: detected: RCpc load-acquire (LDAPR)
[    0.201785] CPU features: detected: 52-bit Virtual Addressing for KVM (LPA2)
[    0.201829] CPU features: detected: LSE atomic instructions
[    0.201872] CPU features: detected: Memory Copy and Memory Set instructions
[    0.201921] CPU features: detected: Privileged Access Never
[    0.201969] CPU features: detected: RAS Extension Support
[    0.202084] CPU features: detected: RASv1p1 Extension Support
[    0.202130] CPU features: detected: Random Number Generator
[    0.202172] CPU features: detected: Speculation barrier (SB)
[    0.202309] CPU features: detected: Stage-2 Force Write-Back
[    0.202358] CPU features: detected: Trap EL0 IMPLEMENTATION DEFINED functionality
[    0.202401] CPU features: detected: TLB range maintenance instructions
[    0.202565] CPU features: detected: Scalable Matrix Extension
[    0.202609] CPU features: detected: FA64
[    0.202656] CPU features: detected: Speculative Store Bypassing Safe (SSBS)
[    0.202699] CPU features: detected: Scalable Vector Extension
[    0.215782] alternatives: applying system-wide alternatives
[    0.234517] CPU features: detected: Hardware dirty bit management on CPU0-1
[    0.235886] SVE: maximum available vector length 256 bytes per vector
[    0.236117] SVE: default vector length 64 bytes per vector
[    0.240059] SME: minimum available vector length 16 bytes per vector
[    0.240129] SME: maximum available vector length 256 bytes per vector
[    0.240293] SME: default vector length 32 bytes per vector
[    0.263845] Memory: 469352K/524288K available (13312K kernel code, 1994K rwdata, 8420K rodata, 2048K init, 9282K bss, 52196K reserved, 0K cma-reserved)
[    0.305995] devtmpfs: initialized
[    0.389896] posixtimers hash table entries: 1024 (order: 2, 16384 bytes, linear)
[    0.390473] futex hash table entries: 512 (32768 bytes on 1 NUMA nodes, total 32 KiB, linear).
[    0.392068] 23920 pages in range for non-PLT usage
[    0.392167] 515440 pages in range for PLT usage
[    0.397342] pinctrl core: initialized pinctrl subsystem
[    0.404872] DMI not present or invalid.
[    0.438194] NET: Registered PF_NETLINK/PF_ROUTE protocol family
[    0.450037] DMA: preallocated 128 KiB GFP_KERNEL pool for atomic allocations
[    0.450555] DMA: preallocated 128 KiB GFP_KERNEL|GFP_DMA pool for atomic allocations
[    0.451255] DMA: preallocated 128 KiB GFP_KERNEL|GFP_DMA32 pool for atomic allocations
[    0.451864] audit: initializing netlink subsys (disabled)
[    0.455572] audit: type=2000 audit(0.363:1): state=initialized audit_enabled=0 res=1
[    0.464569] thermal_sys: Registered thermal governor 'step_wise'
[    0.466961] cpuidle: using governor ladder
[    0.467502] cpuidle: using governor menu
[    0.469743] hw-breakpoint: found 6 breakpoint and 4 watchpoint registers.
[    0.470976] ASID allocator initialised with 65536 entries
[    0.475351] Serial: AMBA PL011 UART driver
[    0.619651] 9000000.pl011: ttyAMA0 at MMIO 0x9000000 (irq = 13, base_baud = 0) is a PL011 rev1
[    0.623570] printk: console [ttyAMA0] enabled
[    0.681442] HugeTLB: registered 1.00 GiB page size, pre-allocated 0 pages
[    0.681671] HugeTLB: 0 KiB vmemmap can be freed for a 1.00 GiB page
[    0.681773] HugeTLB: registered 32.0 MiB page size, pre-allocated 0 pages
[    0.681827] HugeTLB: 0 KiB vmemmap can be freed for a 32.0 MiB page
[    0.681903] HugeTLB: registered 2.00 MiB page size, pre-allocated 0 pages
[    0.681964] HugeTLB: 0 KiB vmemmap can be freed for a 2.00 MiB page
[    0.682042] HugeTLB: registered 64.0 KiB page size, pre-allocated 0 pages
[    0.682094] HugeTLB: 0 KiB vmemmap can be freed for a 64.0 KiB page
[    0.745307] ACPI: Interpreter disabled.
[    0.746826] iommu: Default domain type: Translated
[    0.746921] iommu: DMA domain TLB invalidation policy: lazy mode
[    0.795038] clocksource: Switched to clocksource arch_sys_counter
[    0.928439] VFS: Disk quotas dquot_6.6.0
[    0.928865] VFS: Dquot-cache hash table entries: 512 (order 0, 4096 bytes)
[    0.936406] pnp: PnP ACPI: disabled
[    1.083481] NET: Registered PF_INET protocol family
[    1.085605] IP idents hash table entries: 8192 (order: 4, 65536 bytes, linear)
[    1.564879] tcp_listen_portaddr_hash hash table entries: 256 (order: 0, 4096 bytes, linear)
[    1.565354] Table-perturb hash table entries: 65536 (order: 6, 262144 bytes, linear)
[    1.565580] TCP established hash table entries: 4096 (order: 3, 32768 bytes, linear)
[    1.565889] TCP bind hash table entries: 4096 (order: 5, 131072 bytes, linear)
[    1.566298] TCP: Hash tables configured (established 4096 bind 4096)
[    1.569680] MPTCP token hash table entries: 512 (order: 2, 12288 bytes, linear)
[    1.570534] UDP hash table entries: 256 (order: 2, 16384 bytes, linear)
[    1.570973] UDP-Lite hash table entries: 256 (order: 2, 16384 bytes, linear)
[    1.574592] NET: Registered PF_UNIX/PF_LOCAL protocol family
[    1.575522] NET: Registered PF_XDP protocol family
[    1.576061] PCI: CLS 0 bytes, default 64
[    1.585682] Unpacking initramfs...
[    1.593829] kvm [1]: HYP mode not available
[    1.611645] Initialise system trusted keyrings
[    1.625504] workingset: timestamp_bits=44 max_order=17 bucket_order=0
[    1.925733] Freeing initrd memory: 2556K
[    2.179279] Key type asymmetric registered
[    2.179561] Asymmetric key parser 'x509' registered
[    2.180926] Block layer SCSI generic (bsg) driver version 0.4 loaded (major 248)
[    2.183246] io scheduler mq-deadline registered
[    2.183505] io scheduler kyber registered
[    2.184380] io scheduler bfq registered
[    2.199401] pci-host-generic 4010000000.pcie: host bridge /pcie@10000000 ranges:
[    2.200903] pci-host-generic 4010000000.pcie:       IO 0x003eff0000..0x003effffff -> 0x0000000000
[    2.201899] pci-host-generic 4010000000.pcie:      MEM 0x0010000000..0x003efeffff -> 0x0010000000
[    2.202321] pci-host-generic 4010000000.pcie:      MEM 0x8000000000..0xffffffffff -> 0x8000000000
[    2.203489] pci-host-generic 4010000000.pcie: Memory resource size exceeds max for 32 bits
[    2.204755] pci-host-generic 4010000000.pcie: ECAM at [mem 0x4010000000-0x401fffffff] for [bus 00-ff]
[    2.209452] pci-host-generic 4010000000.pcie: PCI host bridge to bus 0000:00
[    2.210098] pci_bus 0000:00: root bus resource [bus 00-ff]
[    2.210428] pci_bus 0000:00: root bus resource [io  0x0000-0xffff]
[    2.210585] pci_bus 0000:00: root bus resource [mem 0x10000000-0x3efeffff]
[    2.210714] pci_bus 0000:00: root bus resource [mem 0x8000000000-0xffffffffff]
[    2.212863] pci 0000:00:00.0: [1b36:0008] type 00 class 0x060000 conventional PCI endpoint
[    2.229037] pci_bus 0000:00: resource 4 [io  0x0000-0xffff]
[    2.229454] pci_bus 0000:00: resource 5 [mem 0x10000000-0x3efeffff]
[    2.229566] pci_bus 0000:00: resource 6 [mem 0x8000000000-0xffffffffff]
[    2.250772] Serial: 8250/16550 driver, 4 ports, IRQ sharing enabled
[    2.313499] hv_vmbus: registering driver hyperv_keyboard
[    2.330564] rtc-pl031 9010000.pl031: registered as rtc0
[    2.331740] rtc-pl031 9010000.pl031: setting system clock to 2026-10-05T19:05:13 UTC (1791227113)
[    2.344003] NET: Registered PF_INET6 protocol family
[    2.360637] Segment Routing with IPv6
[    2.361468] In-situ OAM (IOAM) with IPv6
[    2.566652] registered taskstats version 1
[    2.579871] Loading compiled-in X.509 certificates
[    2.604831] Loaded X.509 cert 'alpinelinux.org: Alpine Linux kernel key: 87fa969a47f3e2a6aa35859eb932a17c95abcd82'
[    2.863784] Demotion targets for Node 0: null
[    2.868837] Key type .fscrypt registered
[    2.869008] Key type fscrypt-provisioning registered
[    2.918657] clk: Disabling unused clocks
[    2.919468] PM: genpd: Disabling unused power domains
[    3.284033] Freeing unused kernel memory: 2048K
[    3.285949] Run /init as init process
OK: lifecycle stepping attaches and traps the selected native instruction
OK: the selected task reaches its real instruction with the thread group frozen
OK: the fixture publishes its original console work before the trapped exit
OK: an exiting step selects a real surviving register bank without inventing a single-step result
OK: the surviving debugger remains editable and restores the complete shared exit trap
OK: native stepping continues on the explicitly selected live sibling after task exit
OK: task-exit cleanup resumes the original console and releases the surviving kernel stop
OK: leader exit during an all-stop step completes without waiting for stopped siblings
OK: lifecycle stepping attaches and traps the selected native instruction
OK: the selected task reaches its real instruction with the thread group frozen
OK: the fixture publishes its original console work before the trapped exit
OK: an exiting step selects a real surviving register bank without inventing a single-step result
OK: the surviving debugger remains editable and restores the complete shared exit trap
OK: native stepping continues on the explicitly selected live sibling after task exit
OK: task-exit cleanup resumes the original console and releases the surviving kernel stop
OK: worker exit during an all-stop step retires its selected context
OK: lifecycle stepping attaches and traps the selected native instruction
OK: the selected task reaches its real instruction with the thread group frozen
OK: stepping the final thread's exit publishes process exit and retires the stopped snapshot
OK: last-thread exit during an all-stop step publishes its terminal event
OK: lifecycle stepping attaches and traps the selected native instruction
OK: the selected task reaches its real instruction with the thread group frozen
OK: the fixture publishes its original console work before the trapped exit
OK: a failed EXIT-stop detach retains the actual owner and frozen siblings without publishing completion
OK: process metadata and thread selection omit the irreversibly exiting leader before it becomes a zombie
OK: EXIT-stop recovery retries detach and rearms the original shared instruction before reporting the survivor
OK: an exiting step selects a real surviving register bank without inventing a single-step result
OK: the surviving debugger remains editable and restores the complete shared exit trap
OK: native stepping continues on the explicitly selected live sibling after task exit
OK: task-exit cleanup resumes the original console and releases the surviving kernel stop
OK: failed thread-exit detach is recoverable on the original debugger owner
OK: lifecycle stepping attaches and traps the selected native instruction
OK: the selected task reaches its real instruction with the thread group frozen
OK: stepping a genuine program INT1 or BRK preserves its signal instead of inventing syscall completion
OK: the original program trap is delivered and its actual process exit remains observable
OK: real program traps stay distinct from kernel syscall-step notifications
OK: lifecycle stepping attaches and traps the selected native instruction
OK: the selected task reaches its real instruction with the thread group frozen
OK: the fixture publishes its original console work before the trapped exit
OK: a nonleader exec drains sibling EXIT stops, adopts the renamed task and retires old-image traps
OK: the replacement program starts and completes console work after an all-stop nonleader exec step
OK: a nonleader exec step completes despite sibling exit and kernel TID replacement
OK: instruction tracing recognizes an actual native syscall-return step trap
OK: syscall tracing preserves its real return value and original console liveness
OK: native syscall instruction tracing restores its owner and preserves the program
OK: a debugger's parent process launches its own real target
OK: the debugger callback establishes the requested running or paused state before the launcher competes for notifications
OK: the launcher consumes the actual requested stop notification while the debugger retains ownership
OK: debugger cleanup releases an EXIT stop whose wait notification was consumed by its launcher
OK: same-process child reaping cannot deadlock debugger destruction
OK: a debugger's parent process launches its own real target
OK: the debugger callback establishes the requested running or paused state before the launcher competes for notifications
OK: the launcher consumes the actual requested stop notification while the debugger retains ownership
OK: a running debugger reports final exit automatically after its launcher consumes the EXIT notification
OK: debugger cleanup releases an EXIT stop whose wait notification was consumed by its launcher
OK: same-process child reaping preserves automatic final-exit notification
OK: a debugger's parent process launches its own real target
OK: the debugger callback establishes the requested running or paused state before the launcher competes for notifications
OK: the launcher consumes the actual requested stop notification while the debugger retains ownership
OK: a running debugger automatically releases a worker EXIT stop consumed by its launcher without stopping the survivor
OK: automatic worker-exit retirement preserves shared code and the original console work
OK: debugger cleanup releases an EXIT stop whose wait notification was consumed by its launcher
OK: same-process child reaping preserves automatic worker-exit retirement and target liveness
OK: a debugger's parent process launches its own real target
OK: the debugger callback establishes the requested running or paused state before the launcher competes for notifications
OK: the launcher consumes the actual requested stop notification while the debugger retains ownership
OK: failed automatic EXIT-stop detach retains the original owner and freezes the surviving thread for recovery
OK: automatic EXIT-stop recovery publishes the actual surviving register bank only after owned cleanup completes
OK: automatic worker-exit retirement preserves shared code and the original console work
OK: debugger cleanup releases an EXIT stop whose wait notification was consumed by its launcher
OK: same-process child reaping preserves recoverable automatic EXIT-stop cleanup
OK: a debugger's parent process launches its own real target
OK: the debugger callback establishes the requested running or paused state before the launcher competes for notifications
OK: the launcher consumes the actual requested stop notification while the debugger retains ownership
OK: a consumed program-trap notification still publishes its actual signal and fresh stopped register bank
OK: continuing a consumed program-trap stop delivers the original fatal signal exactly once
OK: debugger cleanup releases an EXIT stop whose wait notification was consumed by its launcher
OK: same-process child reaping preserves genuine program-trap handling and delivery
OK: a debugger's parent process launches its own real target
OK: the debugger callback establishes the requested running or paused state before the launcher competes for notifications
OK: the launcher consumes the actual requested stop notification while the debugger retains ownership
OK: a consumed CLONE notification still adopts and runs the real worker to completion
OK: a consumed CLONE stop restores every original shared syscall instruction byte
OK: the original parent console remains live after consumed CLONE and real worker exit
OK: debugger cleanup releases an EXIT stop whose wait notification was consumed by its launcher
OK: same-process child reaping preserves real CLONE adoption and worker execution
OK: a debugger's parent process launches its own real target
OK: the debugger callback establishes the requested running or paused state before the launcher competes for notifications
OK: the launcher consumes the actual requested stop notification while the debugger retains ownership
OK: a consumed EXEC notification retires old-image traps and publishes the replacement kernel register bank
OK: the replacement program starts and completes original console work after a consumed EXEC stop
OK: debugger cleanup releases an EXIT stop whose wait notification was consumed by its launcher
OK: same-process child reaping preserves actual EXEC adoption and replacement-image liveness
OK: a debugger's parent process launches its own real target
OK: the debugger callback establishes the requested running or paused state before the launcher competes for notifications
OK: the paused target is killed while its EXIT wait notification remains available to the debugger
OK: a paused debugger reports final exit automatically whether its launcher consumes the EXIT notification or leaves it queued
OK: debugger cleanup releases an EXIT stop whose wait notification was consumed by its launcher
OK: paused target death is observable without requiring another debugger command
OK: a debugger's parent process launches its own real target
OK: the debugger callback establishes the requested running or paused state before the launcher competes for notifications
OK: the launcher consumes the actual requested stop notification while the debugger retains ownership
OK: a paused debugger reports final exit automatically whether its launcher consumes the EXIT notification or leaves it queued
OK: debugger cleanup releases an EXIT stop whose wait notification was consumed by its launcher
OK: paused target death is observable without requiring another debugger command
OK: a same-process launcher publishes its real nonleader-exec target
OK: nonleader exec replaces its real TID while the owner is held after the actual leader detach
OK: the parent consumes the actual nonleader EXEC report at its replacement process TID
OK: the debugger recovers a consumed nonleader EXEC and adopts its actual replacement thread
OK: recovered nonleader EXEC retires old-image traps without replaying them into the replacement program
OK: a recovered nonleader replacement image starts and completes its original console work
OK: the recovered replacement process exits normally without retaining a kernel owner
OK: same-process child reaping preserves nonleader EXEC across kernel TID replacement
OK: a same-process launcher publishes its real nonleader-exec target
OK: the actual nonleader exec instruction is selected with its sibling frozen before an all-stop step
OK: nonleader exec replaces its real TID while the owner is held after the actual leader detach
OK: the parent consumes the actual nonleader EXEC report at its replacement process TID
OK: the debugger recovers a consumed nonleader EXEC and adopts its actual replacement thread
OK: recovered nonleader EXEC retires old-image traps without replaying them into the replacement program
OK: a recovered nonleader replacement image starts and completes its original console work
OK: the recovered replacement process exits normally without retaining a kernel owner
OK: same-process child reaping preserves nonleader EXEC across kernel TID replacement
OK: a same-process launcher publishes its real nonleader-exec target
OK: nonleader exec replaces its real TID while the owner is held after the actual leader detach
OK: the parent consumes the actual nonleader EXEC report at its replacement process TID
OK: the debugger recovers a consumed nonleader EXEC and adopts its actual replacement thread
OK: an actual exec with a failed context read still notifies image retirement without retaining an old register bank
OK: the existing exec owner retries a transient context read and exposes the real replacement register bank
OK: recovered nonleader EXEC retires old-image traps without replaying them into the replacement program
OK: a recovered nonleader replacement image starts and completes its original console work
OK: the recovered replacement process exits normally without retaining a kernel owner
OK: same-process child reaping preserves nonleader EXEC across kernel TID replacement
SESSION_THREAD_EXIT_RESULT=PASSED
OK: x64 syscall plan uses its Linux number and opcode
OK: compat mode in an ELF64 host uses mmap2 and the signed fd sentinel
OK: x32 retains a 64-bit result register and its separate syscall-number bit
OK: 32-bit syscall arguments cannot silently truncate addresses or lengths
OK: ARM and Thumb plans have distinct instruction widths
OK: ARM instruction byte order is independent of target data byte order
OK: unknown ARM instruction order cannot select an opcode
OK: ARM64 syscall plan uses svc zero and the native mmap number
OK: a Windows or unknown program descriptor cannot masquerade as a Linux syscall host
OK: real native syscall fixture starts
OK: fixture ELF declares the actual syscall ABI
SYSCALL_TARGET architecture=ARM64 abi=Linux AArch64 width=8 pageSize=4096
SYSCALL_KERNEL release=6.18.52-0-virt machine=aarch64
OK: original target instructions are readable
OK: target mmap executes using its native register and syscall ABI
OK: allocated target memory is observable through real process_vm access
OK: target mprotect removes write access
OK: target munmap removes the allocated mapping
OK: syscall injection leaves original target instructions unchanged
OK: syscall restart state survives repeated attach/inject/restore/detach
OK: target mmap executes using its native register and syscall ABI
OK: allocated target memory is observable through real process_vm access
OK: target mprotect removes write access
OK: target munmap removes the allocated mapping
OK: syscall injection leaves original target instructions unchanged
OK: syscall restart state survives repeated attach/inject/restore/detach
OK: target mmap executes using its native register and syscall ABI
OK: allocated target memory is observable through real process_vm access
OK: target mprotect removes write access
OK: target munmap removes the allocated mapping
OK: syscall injection leaves original target instructions unchanged
OK: syscall restart state survives repeated attach/inject/restore/detach
OK: kernel syscall errors preserve target liveness and report the actual errno
OK: unmapping the current syscall instruction is rejected before any mutation
OK: removing execute access from the current syscall page preserves liveness
OK: application process API executes allocation/protection/free through the owner service
OK: a rejected low-address near-allocation candidate falls back to a usable gap
OK: application API exposes retained recovery after a real kernel restoration failure
OK: a new process handle recovers the original ptrace owner and cleans its unreturned allocation
OK: caller destruction retains the completed allocation until it is actually unmapped
OK: independent frontend threads share syscall ownership without conflicting ptrace attachment
OK: zero-size and overflowing application requests are rejected before target mutation
OK: service shutdown fixture has a stable target identity
OK: isolated service owns a real pending restoration at shutdown
OK: service shutdown finishes restoration and allocation cleanup on the original owner thread
OK: real completed mmap retains its allocation and a recovery ticket on restoration failure
OK: a different thread cannot replay a ptrace owner's recovery record
OK: recovery restores the actual target and is idempotent
OK: target continues executing after verified recovery
OK: completed-but-unreturned mmap can be cleaned up after recovery
OK: busy-code restoration fixture receives its command
OK: busy-code fixture publishes its wait flag
OK: code-restoration fault owns the only stopped thread before patching its busy instruction
OK: real completed mmap retains its allocation and a recovery ticket on restoration failure
OK: a different thread cannot replay a ptrace owner's recovery record
OK: recovery restores the actual target and is idempotent
OK: quiesced instruction recovery retains attachment until the original owner detaches
OK: restored busy-code target can leave its wait loop
OK: target continues executing after verified recovery
OK: completed-but-unreturned mmap can be cleaned up after recovery
OK: real completed mmap retains its allocation and a recovery ticket on restoration failure
OK: a different thread cannot replay a ptrace owner's recovery record
OK: recovery restores the actual target and is idempotent
OK: target continues executing after verified recovery
OK: completed-but-unreturned mmap can be cleaned up after recovery
OK: same-file exec fixture starts
OK: same-file exec fixture retains its original memory image
OK: original image is restored before fixture exec
OK: target really execs the same ELF file on the same PID
OK: same-file exec cannot be detected by PID/start-time/executable-inode alone
OK: old memory-image ownership rejects cleanup into a same-file replacement process
OK: separate target starts for exit during recovery
OK: exiting target retains a real failed-restoration record
OK: stopped recovery target can exit normally through the kernel
OK: exit clears recovery ownership without replaying dead registers or memory
OK: a real user SIGTRAP is delivered rather than swallowed as a single-step trap
OK: native debugger fixture starts
OK: native fixture seeds independent low and high SIMD register sentinels
OK: native debugger seizes a syscall-parked thread without a signal
OK: register context identifies the stopped thread ISA and native PC/SP
OK: native SIMD register bank is read through its architecture ABI
OK: SIMD reads preserve the fixture's independent 128-bit low and high register values
OK: native register edits reach the actual kernel register bank
OK: original register bank is restored before target execution
OK: a rejected register write restores earlier fields rather than leaving a partial kernel update
OK: a foreign register context cannot corrupt a stopped thread
OK: kernel reports the native hardware breakpoint bank
OK: an invalid breakpoint slot is rejected without changing another slot
OK: native hardware execution breakpoint arms at the real writer function
OK: execution breakpoint traps at the exact native instruction address
OK: native execution breakpoint is removed from its own bank
OK: a real hardware programming failure restores and verifies the previous native slot
OK: a failed hardware rollback is reported while ptrace ownership remains retained
OK: explicit recovery restores the saved native hardware bank before execution
OK: recovered breakpoint ownership can be released
OK: native single-step advances a real instruction and captures the new PC
OK: single-stepped writer completes before a separate watchpoint operation
OK: native debugger interrupts the running target without SIGSTOP
OK: native four-byte hardware write watchpoint arms at the actual data address
OK: a native write produces a genuine hardware-watchpoint trap
OK: native watchpoint reports the correct watched access and architecture timing
HARDWARE_WATCHPOINT timing=before-access
OK: watchpoint removal and status cleanup succeed before detach
OK: stepping with the watchpoint removed completes the actual native store
OK: target completes its command after native debugger detach
OK: target keeps executing with its original registers and no residual breakpoint
OK: same target can reattach for native software-breakpoint checks
OK: software-breakpoint fixture retains its exact original instruction bytes
OK: failed software-breakpoint verification retains the original bytes and recovery record
OK: software-breakpoint recovery restores real target code before another operation
OK: architecture-specific software trap installs on read-only executable code
OK: native software trap fires with the correct architecture-specific PC semantics
OK: software breakpoint restores exact code and adjacent bytes, and cleanup is idempotent
OK: restored original instruction executes after the software trap is removed
OK: target completes the original writer after software-breakpoint recovery and detach
OK: target stays live after both native software and hardware breakpoint cycles
DEBUG_BACKEND_RESULT=PASSED architecture=ARM64
OK: full debugger session fixture exposes actual code and call sites
OK: full session fixture seeds native SIMD values before attachment
OK: application DebugSession attaches through its real owner thread and all-stop loop
OK: full session publishes the actual ISA and complete native SIMD register bank
OK: frontend register edits execute on the session owner and restore the original bank
OK: full session retains a failed software installation and its original code
OK: full session retries failed code restoration on the same ptrace owner
OK: full session installs its native software breakpoint
OK: full event loop attributes the software trap and restores the correct native PC
OK: full session steps the original instruction and rearms the software breakpoint
OK: session removal restores all native instruction bytes and their neighbors
OK: target completes its original writer after session single-step
OK: full session preserves a separate watchpoint in another native slot
OK: full session arms a data watchpoint while the target is running
OK: full session attributes the actual native hardware watchpoint
OK: continuing a native watchpoint executes its store without retrapping or losing liveness
OK: full session attributes the actual native hardware watchpoint
OK: continuing a native watchpoint executes its store without retrapping or losing liveness
OK: full session attributes the actual native hardware watchpoint
OK: continuing a native watchpoint executes its store without retrapping or losing liveness
OK: session follows a newly cloned writer thread and stops the whole target at its watchpoint
OK: full session can inspect and select both stopped thread register banks
OK: new writer thread continues and exits after its native watchpoint
OK: full session removes the native data watchpoint from every traced thread
OK: removing one native watchpoint preserves the independently owned slot until its removal
OK: full session stops at the real native call instruction
OK: step-over decodes the target ISA and completes at the native call return address
OK: native call breakpoint removes cleanly after step-over
OK: native caller completes after step-over without code or stack corruption
OK: entry step-out uses the native saved return register or stack slot
OK: native caller keeps executing after callee step-out
OK: run-to-cursor executes and restores its architecture-specific temporary breakpoint
OK: native return instruction executes after temporary breakpoint cleanup
OK: exec discards old breakpoint ownership without writing old code into the replacement image
OK: replacement program starts after the full debugger exec stop
OK: replacement program runs with no residual old-image breakpoint
OK: full session detach drains restoration on its original owner thread
OK: target remains live after full session detach and exec transition
DEBUG_SESSION_RESULT=PASSED architecture=ARM64
OK: session interrupted-step fixture starts
OK: session reaches an owned trap before an interrupted instruction step
OK: a signal during single-step keeps the target stopped until software traps are safely rearmed
OK: continuing an interrupted step forwards its signal and executes the original instruction
OK: interrupted-step breakpoint cleanup succeeds
OK: session destruction fixture starts
OK: session owns a planted trap before caller destruction
OK: caller destruction retains ptrace ownership until failed code cleanup can be verified
OK: session destruction retries and verifies the exact original instruction bytes
OK: target remains live after session destruction and failed cleanup recovery
OK: session signal-delivery fixture starts
OK: full session attaches before testing a genuine user signal
OK: a genuine user SIGTRAP is surfaced without being confused with an owned breakpoint
OK: continuing an exception breakpoint preserves genuine signal delivery and process-exit notification
DEBUG_RECOVERY_RESULT=PASSED
OK: native instruction-trace fixture starts
OK: instruction tracing reports readiness only after native execution breakpoints are armed
OK: overlapping trace requests cannot reset cancellation or seize a second owner
OK: real instruction tracing publishes native PCs, register banks and decoded instructions
OK: instruction tracing restores native hardware state and leaves the writer alive
OK: instruction trace steps over native calls and stops at the requested return instruction
OK: native call trace restores its temporary execution breakpoint without stack corruption
OK: waiting instruction trace cancels and drains its ptrace owner
OK: target continues after cancelling an armed instruction trace
OK: failed trace hardware cleanup retains the real ptrace stop and its original bank
OK: trace cleanup retries on its owner and leaves no residual execution breakpoint
OK: instruction tracing adopts and arms a newly cloned writer before its first instruction
OK: new writer exits and target stays live after cloned-thread trace cleanup
OK: exec ends an armed trace and discards old-image hardware restoration records
OK: replacement image runs after trace exec without an old-image breakpoint
OK: exit during failed trace cleanup retires ownership without hanging on a dead register bank
OK: an armed trace forwards genuine user SIGTRAP rather than swallowing it as its own breakpoint
TRACE_BACKEND_RESULT=PASSED architecture=ARM64
OK: native CodeFinder fixture starts
OK: fixture exposes an independently decoded native store instruction
OK: CodeFinder fixture retains occupied and previously configured disabled slots before monitoring
OK: real CodeFinder arms native data banks before reporting startup success
OK: target completes a native store while CodeFinder records and rearms its watchpoint
OK: target completes a native store while CodeFinder records and rearms its watchpoint
OK: target completes a native store while CodeFinder records and rearms its watchpoint
OK: CodeFinder reports the exact native store and correct pre/post-access register timing
OK: CodeFinder arms a newly cloned writer before its first store and lets it exit
OK: CodeFinder attributes cloned-thread accesses to the same real writer instruction
OK: CodeFinder restores every original native bank and detaches without a residual watchpoint
OK: CodeFinder preserves the independent slot exactly and restores all addresses and enable/control state
OK: ARM64 hardware cleanup does not create unused later-slot perf events
OK: independently owned test watchpoint removes cleanly after CodeFinder restoration
OK: failed CodeFinder cleanup keeps its owner, stopped target and exact original hardware bank
OK: CodeFinder retries failed hardware restoration before releasing the target
OK: failed CodeFinder startup retains cleanup ownership after a partially written bank
OK: failed CodeFinder startup restores the target before returning failure
OK: CodeFinder ends on exec without replaying old-image debug banks
OK: replacement image runs without an old-image CodeFinder watchpoint
OK: CodeFinder preserves genuine user SIGTRAP delivery instead of swallowing the signal
OK: target exit drains failed CodeFinder cleanup without hanging on a dead bank
CODEFINDER_BACKEND_RESULT=PASSED architecture=ARM64
OK: stopped native syscall fixture starts
OK: stopped syscall fixture owns a private executable scratch page
OK: an initialization error reported after real target mutation restores every native register, syscall slot and instruction before returning ownership
OK: an initialization error reported after real target mutation restores every native register, syscall slot and instruction before returning ownership
OK: an initialization error reported after real target mutation restores every native register, syscall slot and instruction before returning ownership
OK: stopped syscall uses the native register ABI and really changes target protection
OK: private-gadget syscall restores native registers, shared code and the existing ptrace relationship
OK: stopped syscall failure retains exact register recovery and the completed protection result
OK: stopped syscall recovery restores on the existing owner without detaching it
OK: quiesced syscall releases its scratch page and restores exact shared program instructions
OK: stopped syscall scratch cleanup and detach preserve the original blocked-read restart state
STOPPED_SYSCALL_RESULT=PASSED architecture=ARM64
OK: native software CodeFinder fixture starts
OK: software CodeFinder arms its real native page guard before startup succeeds
OK: software watchpoint executes a native store and rearms its page guard without losing liveness
OK: software watchpoint executes a native store and rearms its page guard without losing liveness
OK: software watchpoint executes a native store and rearms its page guard without losing liveness
OK: software CodeFinder records the native faulting store and its register context
OK: software CodeFinder follows a newly cloned writer without exposing an untraced page fault
OK: software CodeFinder restores exact page permissions and releases its syscall scratch mapping before detach
OK: software cleanup retains native register recovery and the real stopped-thread owner
OK: software cleanup retries native restoration and leaves no permission or mapping residue
OK: software CodeFinder retires old page/scratch ownership on exec without changing the replacement image
OK: replacement program executes after software watchpoint exec cleanup
SOFTWARE_CODEFINDER_RESULT=PASSED architecture=ARM64
OK: hardware job-control fixture arms
OK: CodeFinder preserves a real group stop while a requested write stays pending
OK: SIGCONT resumes the target and native monitoring still records its pending store
OK: detaching CodeFinder preserves the target's preexisting job-control stop
OK: the detached target runs normally after its owner sends SIGCONT
OK: software job-control fixture arms
OK: CodeFinder preserves a real group stop while a requested write stays pending
OK: SIGCONT resumes the target and native monitoring still records its pending store
OK: detaching CodeFinder preserves the target's preexisting job-control stop
OK: the detached target runs normally after its owner sends SIGCONT
OK: a real ignored signal during software gadget execution survives cleanup and the original store completes
OK: signal-interrupted software watchpoint cleanup leaves no page guard or scratch residue
CODEFINDER_SIGNAL_RESULT=PASSED architecture=ARM64
OK: leader-exit fixture publishes its actual target format and memory
OK: the actual kernel retires the leader while its console sibling remains alive
OK: existing and newly opened handles retain real metadata after leader exit
OK: process reads use a live member after the group leader releases its memory
OK: process writes preserve original console work after leader exit
OK: batched scanner reads follow the live address space after leader exit
OK: memory maps, module backing files and surviving threads remain available
OK: selected-thread inspection reads the surviving thread and releases its real stop
OK: process-level memory allocation selects a live thread after leader exit
OK: live-thread memory operations preserve protection, remove allocations and resume console work
OK: failed live-member restoration retains its unreturned mapping against the original process identity
OK: another frontend recovers the live member and releases its unreturned mapping after leader exit
OK: full debugger retains the original process PID and selects an actual surviving stopped thread
OK: leaderless debugger reports the real surviving writer's software breakpoint
OK: leaderless debugger single-steps native code and restores its complete trap bytes
OK: leaderless debugger cleanup releases the selected stop and preserves original console execution
OK: leaderless instruction tracing captures actual surviving-thread registers and native decoding
OK: leaderless trace cleanup restores the real hardware bank and original console work
OK: all-thread CodeFinder monitors the actual surviving writer after leader exit
OK: leaderless CodeFinder cleanup restores kernel watchpoints and resumes console work
OK: native single-thread CodeFinder selects a live member after leader exit
OK: leaderless CodeFinder cleanup restores kernel watchpoints and resumes console work
OK: the original process handle retires only after the last live member exits
LEADER_EXIT_RESULT=PASSED
OK: concurrent frontend metadata and an owned inspection callback complete without a lock-order deadlock
OK: image-metadata recovery starts a real syscall-parked target
OK: unavailable executable metadata after real mmap retains its allocation and original stopped owner
OK: restored executable metadata permits verified GP/restart recovery and original console work
OK: completed but unreturned mmap is released after metadata and register recovery
OK: unavailable image metadata with a stale requested birth retains the actual seized task without calling user code
OK: cleanup binds to the actual seized task birth rather than retiring a stale caller identity
OK: brokered metadata recovery starts a separate real target
OK: the application broker never returns a mapping while live metadata failure leaves GP restoration pending
OK: process recovery owns and unmaps the unreturned allocation after executable metadata becomes readable
OK: thread inspection starts a real syscall-parked native target
OK: owned inspection reads registers and stack together then releases the actual kernel stop
OK: real kernel edit merges a changed GP register without replaying stale PC or SP
OK: register edit can restore the target's original general register
OK: failed inspection callback restores its real register mutation and retains syscall restart
OK: inspection detach failure retains ownership beyond the frontend callback
OK: native service recovers retained inspection ownership on its original thread
OK: all inspections and edit rollback preserve the target's original blocked read
OK: inspection concurrency fixture has a real running sibling
OK: inspecting one selected thread leaves its shared-code sibling running
OK: failed sibling inspection reports pending recovery against its process without seizing the whole group
OK: process-level recovery releases the retained selected sibling on its original owner
OK: selected-thread inspections preserve both real threads and original console work
OK: preflight recovery starts a real native target
OK: failure before syscall execution retains the actual ptrace owner without an invented allocation
OK: preflight recovery refuses a different host owner thread
OK: preflight recovery releases the original attachment and is idempotent
OK: the untouched target resumes its original blocked read and console work after preflight recovery
OK: preflight recovery starts a real native target
OK: failure before syscall execution retains the actual ptrace owner without an invented allocation
OK: preflight recovery refuses a different host owner thread
OK: preflight recovery releases the original attachment and is idempotent
OK: the untouched target resumes its original blocked read and console work after preflight recovery
OK: preflight recovery starts a real native target
OK: failure before syscall execution retains the actual ptrace owner without an invented allocation
OK: preflight recovery refuses a different host owner thread
OK: preflight recovery releases the original attachment and is idempotent
OK: the untouched target resumes its original blocked read and console work after preflight recovery
OK: preflight recovery starts a real native target
OK: failure before syscall execution retains the actual ptrace owner without an invented allocation
OK: preflight recovery refuses a different host owner thread
OK: preflight recovery releases the original attachment and is idempotent
OK: the untouched target resumes its original blocked read and console work after preflight recovery
OK: preflight recovery starts a real native target
OK: failure before syscall execution retains the actual ptrace owner without an invented allocation
OK: preflight recovery refuses a different host owner thread
OK: preflight recovery releases the original attachment and is idempotent
OK: the untouched target resumes its original blocked read and console work after preflight recovery
OK: allocation preflight starts a separate real native target
OK: failure allocating recovery ownership occurs before any ptrace attachment or target execution
OK: allocation failure before attachment leaves the target running normally
OK: exit preflight recovery starts a separate real native target
OK: an untouched stopped target retains preflight ownership before exit
OK: preflight ownership retires idempotently after real target exit without replaying an unfinished snapshot
OK: service preflight recovery starts a separate real native target
OK: the application service retains preflight detach failure through caller destruction
OK: a new application handle recovers the original preflight ptrace owner without a register snapshot
OK: service preflight recovery preserves the real target's blocked read and continued execution
PREFLIGHT_RECOVERY_RESULT=PASSED architecture=ARM64
OK: native function fixture starts a real process
OK: fixture publishes real native callable functions and their wait controls
OK: native call uses an executable private page and a separate guarded private stack
OK: a real blocked read, including ARM64's cleared syscall slot and rewound SVC, rejects a native call before private code or context mutation
OK: the refused parked-thread call resumes the original blocked read and console work
OK: call fixture seeds SIMD state and reaches an actual user-mode stop
OK: native function snapshots every kernel GP and extended register, signal mask and original stack bytes
OK: eight native arguments, including x86 stack arguments, return exactly and restore SIMD, GP, mask and original stack bytes
OK: a private call frame can be reused without leaking target register or stack state
OK: a transient return-register or opcode read failure retains the unclassified stop without reporting a result
OK: retry classifies the saved return stop before continuing and restores the completed call exactly
OK: a transient return-register or opcode read failure retains the unclassified stop without reporting a result
OK: retry classifies the saved return stop before continuing and restores the completed call exactly
OK: a real timeout interrupt racing the queued return trap is drained in private code before original context restoration
OK: a raced timeout leaves no stale owned interrupt for the next native call
OK: a reported setup error after a real private instruction or register write restores the original context without running the callee
OK: a reported setup error after a real private instruction or register write restores the original context without running the callee
OK: a reported setup error after a real private instruction or register write restores the original context without running the callee
OK: failure restoring a completed native call retains the actual return value and exact owner recovery
OK: retry restores a completed call without invoking the function a second time
OK: a real unfinished callee is bounded by its timeout and retains ownership without inventing a return value
OK: an unfinished native call refuses recovery from a different host owner thread
OK: an external signal or foreign SIGTRAP remains a delivery stop rather than being mistaken for the private return trap
OK: retry does not silently suppress an undecided native call signal
OK: an explicit signal decision completes the original callee, restores its context and makes recovery idempotent
OK: a real unfinished callee is bounded by its timeout and retains ownership without inventing a return value
OK: an unfinished native call refuses recovery from a different host owner thread
OK: an external signal or foreign SIGTRAP remains a delivery stop rather than being mistaken for the private return trap
OK: retry does not silently suppress an undecided native call signal
OK: an explicit signal decision completes the original callee, restores its context and makes recovery idempotent
OK: an owned existing syscall releases the private frame without touching shared code or detaching
OK: native call and cleanup resume the original CPU loop and console work
OK: a genuine callee segmentation fault retains its real signal stop and never reports a successful function result
OK: a dead faulting callee retires recovery without replaying registers or fabricating a result
STOPPED_FUNCTION_RESULT=PASSED architecture=ARM64
OK: shared native call owner starts a real target
OK: shared owner fixture publishes callable ABI and resource-lease functions
OK: two real threads keep running while the call owner selects only one thread
OK: shared owner completes a native call and restores the exact mapping/protection list before releasing ownership
OK: a callee's real thread-directed signal follows the requested delivery policy and still returns its actual result
OK: a timed-out call retains its private frame and shared owner across frontend failure
OK: a sibling makes real CPU progress while the selected native call retains ownership
OK: memory operations and caller destruction cannot seize a second owner or discard a live call frame
OK: shared owner retains a genuine external SIGTRAP until an explicit signal decision
OK: a new frontend resumes the original call on its existing owner and releases every private mapping
OK: a successful resource-producing call keeps a client lease without retaining a private frame or blocking other calls
OK: destroying the resource result schedules one native detach and cleans its replacement frame without frontend ownership
OK: a resource lease explicitly released after target cleanup never performs a duplicate detach
OK: shared call recovery leaves both original threads and console work live
NATIVE_CALL_OWNER_RESULT=PASSED architecture=ARM64
OK: native function fixture starts a real process
OK: fixture publishes real native callable functions and their wait controls
OK: native call uses an executable private page and a separate guarded private stack
OK: a real blocked read, including ARM64's cleared syscall slot and rewound SVC, rejects a native call before private code or context mutation
OK: the refused parked-thread call resumes the original blocked read and console work
OK: call fixture seeds SIMD state and reaches an actual user-mode stop
OK: native function snapshots every kernel GP and extended register, signal mask and original stack bytes
OK: eight native arguments, including x86 stack arguments, return exactly and restore SIMD, GP, mask and original stack bytes
OK: a private call frame can be reused without leaking target register or stack state
OK: a transient return-register or opcode read failure retains the unclassified stop without reporting a result
OK: retry classifies the saved return stop before continuing and restores the completed call exactly
OK: a transient return-register or opcode read failure retains the unclassified stop without reporting a result
OK: retry classifies the saved return stop before continuing and restores the completed call exactly
OK: a real timeout interrupt racing the queued return trap is drained in private code before original context restoration
OK: a raced timeout leaves no stale owned interrupt for the next native call
OK: a reported setup error after a real private instruction or register write restores the original context without running the callee
OK: a reported setup error after a real private instruction or register write restores the original context without running the callee
OK: a reported setup error after a real private instruction or register write restores the original context without running the callee
OK: failure restoring a completed native call retains the actual return value and exact owner recovery
OK: retry restores a completed call without invoking the function a second time
OK: a real unfinished callee is bounded by its timeout and retains ownership without inventing a return value
OK: an unfinished native call refuses recovery from a different host owner thread
OK: an external signal or foreign SIGTRAP remains a delivery stop rather than being mistaken for the private return trap
OK: retry does not silently suppress an undecided native call signal
OK: an explicit signal decision completes the original callee, restores its context and makes recovery idempotent
OK: a real unfinished callee is bounded by its timeout and retains ownership without inventing a return value
OK: an unfinished native call refuses recovery from a different host owner thread
OK: an external signal or foreign SIGTRAP remains a delivery stop rather than being mistaken for the private return trap
OK: retry does not silently suppress an undecided native call signal
OK: an explicit signal decision completes the original callee, restores its context and makes recovery idempotent
OK: an owned existing syscall releases the private frame without touching shared code or detaching
OK: native call and cleanup resume the original CPU loop and console work
SVE_FUNCTION_RESULT=PASSED architecture=ARM64
OK: native function fixture starts a real process
OK: fixture publishes real native callable functions and their wait controls
OK: native call uses an executable private page and a separate guarded private stack
OK: a real blocked read, including ARM64's cleared syscall slot and rewound SVC, rejects a native call before private code or context mutation
OK: the refused parked-thread call resumes the original blocked read and console work
OK: call fixture seeds SIMD state and reaches an actual user-mode stop
OK: native function snapshots every kernel GP and extended register, signal mask and original stack bytes
OK: eight native arguments, including x86 stack arguments, return exactly and restore SIMD, GP, mask and original stack bytes
OK: a private call frame can be reused without leaking target register or stack state
OK: a transient return-register or opcode read failure retains the unclassified stop without reporting a result
OK: retry classifies the saved return stop before continuing and restores the completed call exactly
OK: a transient return-register or opcode read failure retains the unclassified stop without reporting a result
OK: retry classifies the saved return stop before continuing and restores the completed call exactly
OK: a real timeout interrupt racing the queued return trap is drained in private code before original context restoration
OK: a raced timeout leaves no stale owned interrupt for the next native call
OK: a reported setup error after a real private instruction or register write restores the original context without running the callee
OK: a reported setup error after a real private instruction or register write restores the original context without running the callee
OK: a reported setup error after a real private instruction or register write restores the original context without running the callee
OK: failure restoring a completed native call retains the actual return value and exact owner recovery
OK: retry restores a completed call without invoking the function a second time
OK: a real unfinished callee is bounded by its timeout and retains ownership without inventing a return value
OK: an unfinished native call refuses recovery from a different host owner thread
OK: an external signal or foreign SIGTRAP remains a delivery stop rather than being mistaken for the private return trap
OK: retry does not silently suppress an undecided native call signal
OK: an explicit signal decision completes the original callee, restores its context and makes recovery idempotent
OK: a real unfinished callee is bounded by its timeout and retains ownership without inventing a return value
OK: an unfinished native call refuses recovery from a different host owner thread
OK: an external signal or foreign SIGTRAP remains a delivery stop rather than being mistaken for the private return trap
OK: retry does not silently suppress an undecided native call signal
OK: an explicit signal decision completes the original callee, restores its context and makes recovery idempotent
OK: an owned existing syscall releases the private frame without touching shared code or detaching
OK: native call and cleanup resume the original CPU loop and console work
MAXIMUM_SVE_FUNCTION_RESULT=PASSED architecture=ARM64
OK: native function fixture starts a real process
OK: fixture publishes real native callable functions and their wait controls
OK: native call uses an executable private page and a separate guarded private stack
OK: a real blocked read, including ARM64's cleared syscall slot and rewound SVC, rejects a native call before private code or context mutation
OK: the refused parked-thread call resumes the original blocked read and console work
OK: call fixture seeds SIMD state and reaches an actual user-mode stop
OK: native function snapshots every kernel GP and extended register, signal mask and original stack bytes
OK: eight native arguments, including x86 stack arguments, return exactly and restore SIMD, GP, mask and original stack bytes
OK: a private call frame can be reused without leaking target register or stack state
OK: a transient return-register or opcode read failure retains the unclassified stop without reporting a result
OK: retry classifies the saved return stop before continuing and restores the completed call exactly
OK: a transient return-register or opcode read failure retains the unclassified stop without reporting a result
OK: retry classifies the saved return stop before continuing and restores the completed call exactly
OK: a real timeout interrupt racing the queued return trap is drained in private code before original context restoration
OK: a raced timeout leaves no stale owned interrupt for the next native call
OK: a reported setup error after a real private instruction or register write restores the original context without running the callee
OK: a reported setup error after a real private instruction or register write restores the original context without running the callee
OK: a reported setup error after a real private instruction or register write restores the original context without running the callee
OK: failure restoring a completed native call retains the actual return value and exact owner recovery
OK: retry restores a completed call without invoking the function a second time
OK: a real unfinished callee is bounded by its timeout and retains ownership without inventing a return value
OK: an unfinished native call refuses recovery from a different host owner thread
OK: an external signal or foreign SIGTRAP remains a delivery stop rather than being mistaken for the private return trap
OK: retry does not silently suppress an undecided native call signal
OK: an explicit signal decision completes the original callee, restores its context and makes recovery idempotent
OK: a real unfinished callee is bounded by its timeout and retains ownership without inventing a return value
OK: an unfinished native call refuses recovery from a different host owner thread
OK: an external signal or foreign SIGTRAP remains a delivery stop rather than being mistaken for the private return trap
OK: retry does not silently suppress an undecided native call signal
OK: an explicit signal decision completes the original callee, restores its context and makes recovery idempotent
OK: an owned existing syscall releases the private frame without touching shared code or detaching
OK: native call and cleanup resume the original CPU loop and console work
SME_FUNCTION_RESULT=PASSED architecture=ARM64
OK: native function fixture starts a real process
OK: fixture publishes real native callable functions and their wait controls
OK: native call uses an executable private page and a separate guarded private stack
OK: a real blocked read, including ARM64's cleared syscall slot and rewound SVC, rejects a native call before private code or context mutation
OK: the refused parked-thread call resumes the original blocked read and console work
OK: call fixture seeds SIMD state and reaches an actual user-mode stop
OK: native function snapshots every kernel GP and extended register, signal mask and original stack bytes
OK: eight native arguments, including x86 stack arguments, return exactly and restore SIMD, GP, mask and original stack bytes
OK: a private call frame can be reused without leaking target register or stack state
OK: a transient return-register or opcode read failure retains the unclassified stop without reporting a result
OK: retry classifies the saved return stop before continuing and restores the completed call exactly
OK: a transient return-register or opcode read failure retains the unclassified stop without reporting a result
OK: retry classifies the saved return stop before continuing and restores the completed call exactly
OK: a real timeout interrupt racing the queued return trap is drained in private code before original context restoration
OK: a raced timeout leaves no stale owned interrupt for the next native call
OK: a reported setup error after a real private instruction or register write restores the original context without running the callee
OK: a reported setup error after a real private instruction or register write restores the original context without running the callee
OK: a reported setup error after a real private instruction or register write restores the original context without running the callee
OK: failure restoring a completed native call retains the actual return value and exact owner recovery
OK: retry restores a completed call without invoking the function a second time
OK: a real unfinished callee is bounded by its timeout and retains ownership without inventing a return value
OK: an unfinished native call refuses recovery from a different host owner thread
OK: an external signal or foreign SIGTRAP remains a delivery stop rather than being mistaken for the private return trap
OK: retry does not silently suppress an undecided native call signal
OK: an explicit signal decision completes the original callee, restores its context and makes recovery idempotent
OK: a real unfinished callee is bounded by its timeout and retains ownership without inventing a return value
OK: an unfinished native call refuses recovery from a different host owner thread
OK: an external signal or foreign SIGTRAP remains a delivery stop rather than being mistaken for the private return trap
OK: retry does not silently suppress an undecided native call signal
OK: an explicit signal decision completes the original callee, restores its context and makes recovery idempotent
OK: an owned existing syscall releases the private frame without touching shared code or detaching
OK: native call and cleanup resume the original CPU loop and console work
MAXIMUM_SME_FUNCTION_RESULT=PASSED architecture=ARM64
OK: shared-code syscall fixture starts
OK: two real native threads execute the same busy function while sharing program code
OK: transient mmap/mprotect/munmap use existing native syscall instructions without any program-code write
OK: the unseized sibling keeps making progress through shared code during transient memory operations
OK: all readable non-writable executable mappings stay byte-for-byte unchanged
OK: both busy threads finish normally and the original blocked-read restart state survives
SHARED_SYSCALL_RESULT=PASSED architecture=ARM64
OK: syscall-policy fixture starts
OK: the actual target installs a kernel seccomp filter trapping its native mmap syscall
OK: a kernel-denied synthetic syscall reports permission failure without inventing a completed allocation
OK: the denied operation preserves the filter and original target context without injecting a synthetic SIGSYS
OK: other native syscalls still reach the kernel under the unchanged target policy
SYSCALL_POLICY_RESULT=PASSED architecture=ARM64
OK: real ARM64 extension syscall-preservation fixture starts
OK: the vector target configures an actual alternate stack and blocked signal mask
OK: the target enters a native scalable-vector CPU loop
OK: kernel register images contain real live SVE vectors, predicates and FFR
OK: the real kernel changes vector length and discards a captured live register bank
OK: opaque extension recovery restores destroyed data, vector lengths and the original streaming mode
OK: a directly restored vector target resumes only after complete verification
OK: real application memory operations complete while scalable-vector state is live
OK: failed extension restoration retains the actual mmap result and the original owner stop
OK: a target with damaged vector state remains stopped until verified recovery
OK: retry restores extensions on the original owner and unmaps the completed but unreturned allocation
OK: failed extension restoration retains the actual mmap result and the original owner stop
OK: a target with damaged vector state remains stopped until verified recovery
OK: retry restores extensions on the original owner and unmaps the completed but unreturned allocation
OK: failed extension restoration retains the actual mmap result and the original owner stop
OK: a target with damaged vector state remains stopped until verified recovery
OK: retry restores extensions on the original owner and unmaps the completed but unreturned allocation
OK: memory syscalls and failed-restoration recovery preserve every captured extension byte and the original CPU mode
OK: the borrowed stack bytes, including nonzero sentinel data, are restored exactly
OK: the vector target remains live, makes progress and resumes normal console work
OK: the original alternate-stack configuration and blocked signal mask survive the actual vector returns
SVE_SYSCALL_RESULT=PASSED architecture=ARM64
OK: real ARM64 extension syscall-preservation fixture starts
OK: the vector target configures an actual alternate stack and blocked signal mask
OK: the target enters a native scalable-vector CPU loop
OK: kernel register images contain real streaming SVE state and a live nonzero ZA matrix
OK: the real kernel changes vector length and discards a captured live register bank
OK: opaque extension recovery restores destroyed data, vector lengths and the original streaming mode
OK: a directly restored vector target resumes only after complete verification
OK: real application memory operations complete while scalable-vector state is live
OK: failed extension restoration retains the actual mmap result and the original owner stop
OK: a target with damaged vector state remains stopped until verified recovery
OK: retry restores extensions on the original owner and unmaps the completed but unreturned allocation
OK: failed extension restoration retains the actual mmap result and the original owner stop
OK: a target with damaged vector state remains stopped until verified recovery
OK: retry restores extensions on the original owner and unmaps the completed but unreturned allocation
OK: failed extension restoration retains the actual mmap result and the original owner stop
OK: a target with damaged vector state remains stopped until verified recovery
OK: retry restores extensions on the original owner and unmaps the completed but unreturned allocation
OK: memory syscalls and failed-restoration recovery preserve every captured extension byte and the original CPU mode
OK: the borrowed stack bytes, including nonzero sentinel data, are restored exactly
OK: the vector target remains live, makes progress and resumes normal console work
OK: the original alternate-stack configuration and blocked signal mask survive the actual vector returns
SME_SYSCALL_RESULT=PASSED architecture=ARM64
OK: real ARM64 extension syscall-preservation fixture starts
OK: the vector target configures an actual alternate stack and blocked signal mask
OK: the target enters a native scalable-vector CPU loop
OK: kernel register images contain real live SVE vectors, predicates and FFR
OK: the real kernel changes vector length and discards a captured live register bank
OK: opaque extension recovery restores destroyed data, vector lengths and the original streaming mode
OK: a directly restored vector target resumes only after complete verification
OK: real application memory operations complete while scalable-vector state is live
OK: failed extension restoration retains the actual mmap result and the original owner stop
OK: a target with damaged vector state remains stopped until verified recovery
OK: retry restores extensions on the original owner and unmaps the completed but unreturned allocation
OK: failed extension restoration retains the actual mmap result and the original owner stop
OK: a target with damaged vector state remains stopped until verified recovery
OK: retry restores extensions on the original owner and unmaps the completed but unreturned allocation
OK: failed extension restoration retains the actual mmap result and the original owner stop
OK: a target with damaged vector state remains stopped until verified recovery
OK: retry restores extensions on the original owner and unmaps the completed but unreturned allocation
OK: memory syscalls and failed-restoration recovery preserve every captured extension byte and the original CPU mode
OK: the borrowed stack bytes, including nonzero sentinel data, are restored exactly
OK: the vector target remains live, makes progress and resumes normal console work
OK: the original alternate-stack configuration and blocked signal mask survive the actual vector returns
MAXIMUM_SVE_SYSCALL_RESULT=PASSED architecture=ARM64
OK: real ARM64 extension syscall-preservation fixture starts
OK: the vector target configures an actual alternate stack and blocked signal mask
OK: the target enters a native scalable-vector CPU loop
OK: kernel register images contain real streaming SVE state and a live nonzero ZA matrix
OK: the real kernel changes vector length and discards a captured live register bank
OK: opaque extension recovery restores destroyed data, vector lengths and the original streaming mode
OK: a directly restored vector target resumes only after complete verification
OK: real application memory operations complete while scalable-vector state is live
OK: failed extension restoration retains the actual mmap result and the original owner stop
OK: a target with damaged vector state remains stopped until verified recovery
OK: retry restores extensions on the original owner and unmaps the completed but unreturned allocation
OK: failed extension restoration retains the actual mmap result and the original owner stop
OK: a target with damaged vector state remains stopped until verified recovery
OK: retry restores extensions on the original owner and unmaps the completed but unreturned allocation
OK: failed extension restoration retains the actual mmap result and the original owner stop
OK: a target with damaged vector state remains stopped until verified recovery
OK: retry restores extensions on the original owner and unmaps the completed but unreturned allocation
OK: memory syscalls and failed-restoration recovery preserve every captured extension byte and the original CPU mode
OK: the borrowed stack bytes, including nonzero sentinel data, are restored exactly
OK: the vector target remains live, makes progress and resumes normal console work
OK: the original alternate-stack configuration and blocked signal mask survive the actual vector returns
MAXIMUM_SME_SYSCALL_RESULT=PASSED architecture=ARM64
OK: a real ARM64 target starts for deferred-vector exec verification
OK: the target schedules distinct SVE and SME vector lengths for its next exec before entering the CPU loop
OK: deferred-vector verification waits until scalable state is really live
OK: the deferred-vector target leaves its CPU loop and continues normally
OK: the target actually execs its own ARM64 image on the same PID
OK: both previously scheduled vector lengths take effect after the real exec transition
DEFERRED_SVE_CONTROL_RESULT=PASSED architecture=ARM64
OK: a real ARM64 target starts for deferred-vector exec verification
OK: the target schedules distinct SVE and SME vector lengths for its next exec before entering the CPU loop
OK: deferred-vector verification waits until scalable state is really live
OK: the deferred-vector target leaves its CPU loop and continues normally
OK: the target actually execs its own ARM64 image on the same PID
OK: both previously scheduled vector lengths take effect after the real exec transition
DEFERRED_SME_CONTROL_RESULT=PASSED architecture=ARM64
OK: a real ARM64 target starts for deferred-vector exec verification
OK: the target schedules distinct SVE and SME vector lengths for its next exec before entering the CPU loop
OK: deferred-vector verification waits until scalable state is really live
OK: the deferred-vector target completes the actual allocation/protection/free operations
OK: the deferred-vector target leaves its CPU loop and continues normally
OK: the target actually execs its own ARM64 image on the same PID
OK: both previously scheduled vector lengths take effect after the real exec transition
DEFERRED_SVE_SYSCALL_RESULT=PASSED architecture=ARM64
OK: a real ARM64 target starts for deferred-vector exec verification
OK: the target schedules distinct SVE and SME vector lengths for its next exec before entering the CPU loop
OK: deferred-vector verification waits until scalable state is really live
OK: the deferred-vector target completes the actual allocation/protection/free operations
OK: the deferred-vector target leaves its CPU loop and continues normally
OK: the target actually execs its own ARM64 image on the same PID
OK: both previously scheduled vector lengths take effect after the real exec transition
DEFERRED_SME_SYSCALL_RESULT=PASSED architecture=ARM64
OK: a real ARM64 target starts for deferred-vector exec verification
OK: the private executor allocates its actual scratch page before scalable state is live
OK: the target schedules distinct SVE and SME vector lengths for its next exec before entering the CPU loop
OK: deferred-vector verification waits until scalable state is really live
OK: the direct executor owns the real stopped vector target
OK: the private/quiesced executor completes real memory operations with live scalable state
OK: the direct executor returns ownership after complete register and stack restoration
OK: the deferred-vector target leaves its CPU loop and continues normally
OK: the private executor removes its original scratch mapping before exec
OK: the target actually execs its own ARM64 image on the same PID
OK: both previously scheduled vector lengths take effect after the real exec transition
DEFERRED_SVE_PRIVATE_RESULT=PASSED architecture=ARM64
OK: a real ARM64 target starts for deferred-vector exec verification
OK: the private executor allocates its actual scratch page before scalable state is live
OK: the target schedules distinct SVE and SME vector lengths for its next exec before entering the CPU loop
OK: deferred-vector verification waits until scalable state is really live
OK: the direct executor owns the real stopped vector target
OK: the private/quiesced executor completes real memory operations with live scalable state
OK: the direct executor returns ownership after complete register and stack restoration
OK: the deferred-vector target leaves its CPU loop and continues normally
OK: the private executor removes its original scratch mapping before exec
OK: the target actually execs its own ARM64 image on the same PID
OK: both previously scheduled vector lengths take effect after the real exec transition
DEFERRED_SME_PRIVATE_RESULT=PASSED architecture=ARM64
OK: a real ARM64 target starts for deferred-vector exec verification
OK: the target schedules distinct SVE and SME vector lengths for its next exec before entering the CPU loop
OK: deferred-vector verification waits until scalable state is really live
OK: the direct executor owns the real stopped vector target
OK: the private/quiesced executor completes real memory operations with live scalable state
OK: the direct executor returns ownership after complete register and stack restoration
OK: the deferred-vector target leaves its CPU loop and continues normally
OK: the target actually execs its own ARM64 image on the same PID
OK: both previously scheduled vector lengths take effect after the real exec transition
DEFERRED_SVE_QUIESCED_RESULT=PASSED architecture=ARM64
OK: a real ARM64 target starts for deferred-vector exec verification
OK: the target schedules distinct SVE and SME vector lengths for its next exec before entering the CPU loop
OK: deferred-vector verification waits until scalable state is really live
OK: the direct executor owns the real stopped vector target
OK: the private/quiesced executor completes real memory operations with live scalable state
OK: the direct executor returns ownership after complete register and stack restoration
OK: the deferred-vector target leaves its CPU loop and continues normally
OK: the target actually execs its own ARM64 image on the same PID
OK: both previously scheduled vector lengths take effect after the real exec transition
DEFERRED_SME_QUIESCED_RESULT=PASSED architecture=ARM64
OK: a real ARM64 target starts for deferred-vector exec verification
OK: the deferred-call executor reserves its private executable code and stack before scalable state is live
OK: the target schedules distinct SVE and SME vector lengths for its next exec before entering the CPU loop
OK: deferred-vector verification waits until scalable state is really live
OK: the direct executor owns the real stopped vector target
OK: a real native callee changes FP state and its signal mask, then restores scalable state and frees its private frame
OK: the direct executor returns ownership after complete register and stack restoration
OK: the deferred-vector target leaves its CPU loop and continues normally
OK: the target actually execs its own ARM64 image on the same PID
OK: both previously scheduled vector lengths take effect after the real exec transition
DEFERRED_SVE_FUNCTION_RESULT=PASSED architecture=ARM64
OK: a real ARM64 target starts for deferred-vector exec verification
OK: the deferred-call executor reserves its private executable code and stack before scalable state is live
OK: the target schedules distinct SVE and SME vector lengths for its next exec before entering the CPU loop
OK: deferred-vector verification waits until scalable state is really live
OK: the direct executor owns the real stopped vector target
OK: a real native callee changes FP state and its signal mask, then restores scalable state and frees its private frame
OK: the direct executor returns ownership after complete register and stack restoration
OK: the deferred-vector target leaves its CPU loop and continues normally
OK: the target actually execs its own ARM64 image on the same PID
OK: both previously scheduled vector lengths take effect after the real exec transition
DEFERRED_SME_FUNCTION_RESULT=PASSED architecture=ARM64
OK: a real ARM64 target starts for vector-restoration preflight safety
OK: the guarded target configures a real alternate stack and blocked signal mask
OK: a real seccomp filter denies signal return while allowing memory syscalls
OK: the guarded target enters a live scalable-vector CPU loop
OK: unsupported live-vector restoration is rejected before any target mutation or retained recovery
OK: preflight rejection preserves every captured vector, matrix, control and TLS byte
OK: the guarded target remains live and finishes its actual signal handler or CPU loop
OK: preflight rejection and real signal return preserve alternate-stack settings and the original signal mask
OK: the guarded target really execs its ARM64 image after rejected memory operations
OK: guarded rejection retains both scheduled vector lengths through the real exec transition
SVE_SECCOMP_GUARD_RESULT=PASSED architecture=ARM64
OK: a real ARM64 target starts for vector-restoration preflight safety
OK: the guarded target configures a real alternate stack and blocked signal mask
OK: a real seccomp filter denies signal return while allowing memory syscalls
OK: the guarded target enters a live scalable-vector CPU loop
OK: unsupported live-vector restoration is rejected before any target mutation or retained recovery
OK: preflight rejection preserves every captured vector, matrix, control and TLS byte
OK: the guarded target remains live and finishes its actual signal handler or CPU loop
OK: preflight rejection and real signal return preserve alternate-stack settings and the original signal mask
OK: the guarded target really execs its ARM64 image after rejected memory operations
OK: guarded rejection retains both scheduled vector lengths through the real exec transition
SME_SECCOMP_GUARD_RESULT=PASSED architecture=ARM64
OK: a real ARM64 target starts for vector-restoration preflight safety
OK: the guarded target configures a real alternate stack and blocked signal mask
OK: the guarded target enters a live scalable-vector CPU loop
OK: unsupported live-vector restoration is rejected before any target mutation or retained recovery
OK: preflight rejection preserves every captured vector, matrix, control and TLS byte
OK: the guarded target remains live and finishes its actual signal handler or CPU loop
OK: preflight rejection and real signal return preserve alternate-stack settings and the original signal mask
OK: the guarded target really execs its ARM64 image after rejected memory operations
OK: guarded rejection retains both scheduled vector lengths through the real exec transition
SVE_ALTSTACK_GUARD_RESULT=PASSED architecture=ARM64
OK: a real ARM64 target starts for vector-restoration preflight safety
OK: the guarded target configures a real alternate stack and blocked signal mask
OK: the guarded target enters a live scalable-vector CPU loop
OK: unsupported live-vector restoration is rejected before any target mutation or retained recovery
OK: preflight rejection preserves every captured vector, matrix, control and TLS byte
OK: the guarded target remains live and finishes its actual signal handler or CPU loop
OK: preflight rejection and real signal return preserve alternate-stack settings and the original signal mask
OK: the guarded target really execs its ARM64 image after rejected memory operations
OK: guarded rejection retains both scheduled vector lengths through the real exec transition
SME_ALTSTACK_GUARD_RESULT=PASSED architecture=ARM64
OK: real dynamic libc/pthread fixture starts
OK: live native call ABI matches the real process
OK: library symlink with a different basename is created
OK: dlopen through a symlink runs the real target constructor
OK: an already loaded library returns its native handle without rerunning its constructor
OK: embedded NUL library paths are rejected before target execution
OK: non-executable thread entries are rejected before pthread_create
OK: a real native pthread executes, returns, and exits before completion is reported
OK: owned thread data is allocated for lifetime checks
OK: a waiting pthread reaches the deadline and is detached without an unbounded join
OK: the remote pthread has an actual Linux thread identity
OK: destroying the creating frontend does not permit freeing or protecting live worker storage
OK: the target's main loop keeps running while its new pthread waits
OK: the timed-out detached pthread later returns normally using its still-mapped code and data
OK: owned worker storage can be freed after actual kernel thread exit
OK: a fire-and-forget pthread is detached and completes normally
OK: a worker that calls pthread_detach on itself still completes by kernel thread identity
OK: pthread_exit without returning through the wrapper releases ownership after kernel exit
OK: late pthread creation has a real target callback and owned storage
OK: timed-out pthread creation retains ownership and storage before returning its handle
OK: an abandoned late-created worker is cancelled before entering user code and releases its storage
NATIVE_THREAD_LIFETIME_RESULT=PASSED width=8
OK: the original application and blocked-read sibling finish normally after injection
OK: actual glibc pthread_exit retires main while console and CPU-loop siblings survive
OK: a newly opened handle reads the real ABI and memory of a leaderless glibc process
OK: leaderless process symbol loading follows live module and filesystem metadata
OK: native library constructors execute in a real glibc process after main pthread_exit
OK: native pthread creation and actual worker-exit ownership remain usable after leader exit
OK: leaderless glibc memory operations preserve protection and release the actual mapping
OK: surviving glibc siblings continue CPU work without residual native recovery
OK: the last glibc siblings finish console work and retire the original process identity
LEADER_NATIVE_CALL_RESULT=PASSED width=8
OK: a real native process starts its relative timed kernel wait
OK: wholly syscall-parked native targets reject calls without creating a thread or retaining ownership
OK: rejected calls preserve the original timed kernel wait and normal process completion
PARKED_NATIVE_CALL_RESULT=PASSED width=8
NATIVE_INJECTOR_RESULT=PASSED width=8
OK: real ARM64 library/pthread injection completes under the guest kernel
0 failed target syscall checks
CE_VM_RESULT=PASSED
[   27.918606] reboot: Power down
