[    0.000000] Booting Linux on physical CPU 0x0000000000 [0x000f0510]
[    0.000000] Linux version 6.8.0-146-generic-64k (buildd@bos03-arm64-107) (aarch64-linux-gnu-gcc-13 (Ubuntu 13.3.0-6ubuntu2~24.04.1) 13.3.0, GNU ld (GNU Binutils for Ubuntu) 2.42) #146-Ubuntu SMP PREEMPT_DYNAMIC Thu Sep  3 17:38:13 UTC 2026 (Ubuntu 6.8.0-146.146-generic-64k 6.8.12)
[    0.000000] KASLR enabled
[    0.000000] random: crng init done
[    0.000000] Machine model: linux,dummy-virt
[    0.000000] efi: UEFI not found.
[    0.000000] NUMA: No NUMA configuration found
[    0.000000] NUMA: Faking a node at [mem 0x0000000040000000-0x000000005fffffff]
[    0.000000] NUMA: NODE_DATA [mem 0x5ff8a5c0-0x5ff8ffff]
[    0.000000] Zone ranges:
[    0.000000]   DMA      [mem 0x0000000040000000-0x000000005fffffff]
[    0.000000]   DMA32    empty
[    0.000000]   Normal   empty
[    0.000000]   Device   empty
[    0.000000] Movable zone start for each node
[    0.000000] Early memory node ranges
[    0.000000]   node   0: [mem 0x0000000040000000-0x000000005fffffff]
[    0.000000] Initmem setup node 0 [mem 0x0000000040000000-0x000000005fffffff]
[    0.000000] cma: Failed to reserve 512 MiB on node -1
[    0.000000] psci: probing for conduit method from DT.
[    0.000000] psci: PSCIv1.1 detected in firmware.
[    0.000000] psci: Using standard PSCI v0.2 function IDs
[    0.000000] psci: Trusted OS migration not required
[    0.000000] psci: SMC Calling Convention v1.0
[    0.000000] percpu: Embedded 11 pages/cpu s586984 r8192 d125720 u720896
[    0.000000] Detected PIPT I-cache on CPU0
[    0.000000] CPU features: detected: Address authentication (architected QARMA5 algorithm)
[    0.000000] CPU features: detected: HCRX_EL2 register
[    0.000000] CPU features: detected: Spectre-v4
[    0.000000] CPU features: detected: Spectre-BHB
[    0.000000] alternatives: applying boot alternatives
[    0.000000] Kernel command line: console=ttyAMA0 rdinit=/init panic=1 ce_vm_sme=unavailable
[    0.000000] Unknown kernel command line parameters "ce_vm_sme=unavailable", will be passed to user space.
[    0.000000] Dentry cache hash table entries: 65536 (order: 3, 524288 bytes, linear)
[    0.000000] Inode-cache hash table entries: 32768 (order: 2, 262144 bytes, linear)
[    0.000000] Fallback order for Node 0: 0 
[    0.000000] Built 1 zonelists, mobility grouping off.  Total pages: 8184
[    0.000000] Policy zone: DMA
[    0.000000] mem auto-init: stack:all(zero), heap alloc:on, heap free:off
[    0.000000] software IO TLB: SWIOTLB bounce buffer size adjusted to 0MB
[    0.000000] software IO TLB: area num 2.
[    0.000000] software IO TLB: mapped [mem 0x000000005fc20000-0x000000005fca0000] (0MB)
[    0.000000] Memory: 456192K/524288K available (23424K kernel code, 5354K rwdata, 16512K rodata, 12992K init, 1702K bss, 68096K reserved, 0K cma-reserved)
[    0.000000] SLUB: HWalign=64, Order=0-3, MinObjects=0, CPUs=2, Nodes=1
[    0.000000] ftrace: allocating 62636 entries in 16 pages
[    0.000000] ftrace: allocated 16 pages with 1 groups
[    0.000000] Dynamic Preempt: voluntary
[    0.000000] rcu: Preemptible hierarchical RCU implementation.
[    0.000000] rcu: 	RCU restricting CPUs from NR_CPUS=512 to nr_cpu_ids=2.
[    0.000000] 	Trampoline variant of Tasks RCU enabled.
[    0.000000] 	Rude variant of Tasks RCU enabled.
[    0.000000] 	Tracing variant of Tasks RCU enabled.
[    0.000000] rcu: RCU calculated value of scheduler-enlistment delay is 100 jiffies.
[    0.000000] rcu: Adjusting geometry for rcu_fanout_leaf=16, nr_cpu_ids=2
[    0.000000] RCU Tasks: Setting shift to 1 and lim to 1 rcu_task_cb_adjust=1 rcu_task_cpu_ids=2.
[    0.000000] RCU Tasks Rude: Setting shift to 1 and lim to 1 rcu_task_cb_adjust=1 rcu_task_cpu_ids=2.
[    0.000000] RCU Tasks Trace: Setting shift to 1 and lim to 1 rcu_task_cb_adjust=1 rcu_task_cpu_ids=2.
[    0.000000] NR_IRQS: 64, nr_irqs: 64, preallocated irqs: 0
[    0.000000] Root IRQ handler: gic_handle_irq
[    0.000000] GICv2m: range[mem 0x08020000-0x08020fff], SPI[80:143]
[    0.000000] rcu: srcu_init: Setting srcu_struct sizes based on contention.
[    0.000000] arch_timer: cp15 timer(s) running at 62.50MHz (virt).
[    0.000000] clocksource: arch_sys_counter: mask: 0x1ffffffffffffff max_cycles: 0x1cd42e208c, max_idle_ns: 881590405314 ns
[    0.000104] sched_clock: 57 bits at 63MHz, resolution 16ns, wraps every 4398046511096ns
[    0.033756] Console: colour dummy device 80x25
[    0.057352] Calibrating delay loop (skipped), value calculated using timer frequency.. 125.00 BogoMIPS (lpj=62500)
[    0.058930] pid_max: default: 32768 minimum: 301
[    0.084773] LSM: initializing lsm=lockdown,capability,landlock,yama,apparmor,integrity
[    0.095252] landlock: Up and running.
[    0.095509] Yama: becoming mindful.
[    0.121531] AppArmor: AppArmor initialized
[    0.143227] Mount-cache hash table entries: 8192 (order: 0, 65536 bytes, linear)
[    0.143544] Mountpoint-cache hash table entries: 8192 (order: 0, 65536 bytes, linear)
[    0.291550] cacheinfo: Unable to detect cache hierarchy for CPU 0
[    0.346660] rcu: Hierarchical SRCU implementation.
[    0.346966] rcu: 	Max phase no-delay instances is 400.
[    0.383910] EFI services will not be available.
[    0.406910] smp: Bringing up secondary CPUs ...
[    0.425767] Detected PIPT I-cache on CPU1
[    0.430990] CPU1: Booted secondary processor 0x0000000001 [0x000f0510]
[    0.438725] smp: Brought up 1 node, 2 CPUs
[    0.438886] SMP: Total of 2 processors activated.
[    0.438989] CPU: All CPU(s) started at EL1
[    0.439411] CPU features: detected: Branch Target Identification
[    0.439867] CPU features: detected: 32-bit EL0 Support
[    0.439963] CPU features: detected: 32-bit EL1 Support
[    0.440047] CPU features: detected: ARMv8.4 Translation Table Level
[    0.440149] CPU features: detected: Data cache clean to the PoU not required for I/D coherence
[    0.440326] CPU features: detected: Common not Private translations
[    0.440411] CPU features: detected: CRC32 instructions
[    0.440490] CPU features: detected: Data cache clean to Point of Deep Persistence
[    0.440587] CPU features: detected: Data cache clean to Point of Persistence
[    0.440844] CPU features: detected: Data independent timing control (DIT)
[    0.440932] CPU features: detected: E0PD
[    0.441028] CPU features: detected: Enhanced Privileged Access Never
[    0.441106] CPU features: detected: Enhanced Virtualization Traps
[    0.441185] CPU features: detected: Fine Grained Traps
[    0.441385] CPU features: detected: Generic authentication (architected QARMA5 algorithm)
[    0.441474] CPU features: detected: RCpc load-acquire (LDAPR)
[    0.441574] CPU features: detected: LSE atomic instructions
[    0.441654] CPU features: detected: Memory Copy and Memory Set instructions
[    0.441802] CPU features: detected: Privileged Access Never
[    0.442014] CPU features: detected: RAS Extension Support
[    0.442100] CPU features: detected: Random Number Generator
[    0.442182] CPU features: detected: Speculation barrier (SB)
[    0.442259] CPU features: detected: Stage-2 Force Write-Back
[    0.442340] CPU features: detected: Trap EL0 IMPLEMENTATION DEFINED functionality
[    0.442418] CPU features: detected: TLB range maintenance instructions
[    0.442566] CPU features: detected: Speculative Store Bypassing Safe (SSBS)
[    0.442649] CPU features: detected: Scalable Vector Extension
[    0.461696] alternatives: applying system-wide alternatives
[    0.491301] CPU features: detected: Hardware dirty bit management on CPU0-1
[    0.492943] SVE: maximum available vector length 256 bytes per vector
[    0.493275] SVE: default vector length 64 bytes per vector
[    0.664680] devtmpfs: initialized
[    0.825632] clocksource: jiffies: mask: 0xffffffff max_cycles: 0xffffffff, max_idle_ns: 1911260446275000 ns
[    0.826913] futex hash table entries: 512 (order: 0, 32768 bytes, linear)
[    0.849194] pinctrl core: initialized pinctrl subsystem
[    0.891891] DMI not present or invalid.
[    0.922634] NET: Registered PF_NETLINK/PF_ROUTE protocol family
[    0.953910] DMA: preallocated 128 KiB GFP_KERNEL pool for atomic allocations
[    0.954730] DMA: preallocated 128 KiB GFP_KERNEL|GFP_DMA pool for atomic allocations
[    0.955236] DMA: preallocated 128 KiB GFP_KERNEL|GFP_DMA32 pool for atomic allocations
[    0.956103] audit: initializing netlink subsys (disabled)
[    0.973470] audit: type=2000 audit(0.778:1): state=initialized audit_enabled=0 res=1
[    1.032594] thermal_sys: Registered thermal governor 'fair_share'
[    1.032765] thermal_sys: Registered thermal governor 'bang_bang'
[    1.032864] thermal_sys: Registered thermal governor 'step_wise'
[    1.032945] thermal_sys: Registered thermal governor 'user_space'
[    1.033024] thermal_sys: Registered thermal governor 'power_allocator'
[    1.050023] cpuidle: using governor ladder
[    1.050691] cpuidle: using governor menu
[    1.055059] hw-breakpoint: found 6 breakpoint and 4 watchpoint registers.
[    1.056743] ASID allocator initialised with 65536 entries
[    1.086813] Serial: AMBA PL011 UART driver
[    1.349021] 9000000.pl011: ttyAMA0 at MMIO 0x9000000 (irq = 13, base_baud = 0) is a PL011 rev1
[    1.351219] printk: legacy console [ttyAMA0] enabled
[    1.457669] Modules: 2G module region forced by RANDOMIZE_MODULE_REGION_FULL
[    1.458525] Modules: 0 pages in range for non-PLT usage
[    1.458633] Modules: 31816 pages in range for PLT usage
[    1.495502] HugeTLB: registered 16.0 GiB page size, pre-allocated 0 pages
[    1.497930] HugeTLB: 0 KiB vmemmap can be freed for a 16.0 GiB page
[    1.499106] HugeTLB: registered 512 MiB page size, pre-allocated 0 pages
[    1.500395] HugeTLB: 0 KiB vmemmap can be freed for a 512 MiB page
[    1.501660] HugeTLB: registered 2.00 MiB page size, pre-allocated 0 pages
[    1.502328] HugeTLB: 0 KiB vmemmap can be freed for a 2.00 MiB page
[    1.625972] ACPI: Interpreter disabled.
[    1.647473] iommu: Default domain type: Translated
[    1.648277] iommu: DMA domain TLB invalidation policy: strict mode
[    1.712546] SCSI subsystem initialized
[    1.721586] usbcore: registered new interface driver usbfs
[    1.723032] usbcore: registered new interface driver hub
[    1.724213] usbcore: registered new device driver usb
[    1.730140] pps_core: LinuxPPS API ver. 1 registered
[    1.730809] pps_core: Software ver. 5.3.6 - Copyright 2005-2007 Rodolfo Giometti <giometti@linux.it>
[    1.733078] PTP clock support registered
[    1.738707] EDAC MC: Ver: 3.0.0
[    1.749841] scmi_core: SCMI protocol bus registered
[    1.805168] NetLabel: Initializing
[    1.805842] NetLabel:  domain hash size = 128
[    1.806322] NetLabel:  protocols = UNLABELED CIPSOv4 CALIPSO
[    1.816026] NetLabel:  unlabeled traffic allowed by default
[    1.822887] mctp: management component transport protocol core
[    1.823432] NET: Registered PF_MCTP protocol family
[    1.829387] vgaarb: loaded
[    1.842840] clocksource: Switched to clocksource arch_sys_counter
[    1.920627] VFS: Disk quotas dquot_6.6.0
[    1.923035] VFS: Dquot-cache hash table entries: 8192 (order 0, 65536 bytes)
[    1.945529] AppArmor: AppArmor Filesystem Enabled
[    1.947594] pnp: PnP ACPI: disabled
[    2.163187] NET: Registered PF_INET protocol family
[    2.167167] IP idents hash table entries: 8192 (order: 0, 65536 bytes, linear)
[    3.112439] tcp_listen_portaddr_hash hash table entries: 4096 (order: 0, 65536 bytes, linear)
[    3.113927] Table-perturb hash table entries: 65536 (order: 2, 262144 bytes, linear)
[    3.115081] TCP established hash table entries: 8192 (order: 0, 65536 bytes, linear)
[    3.117094] TCP bind hash table entries: 8192 (order: 2, 262144 bytes, linear)
[    3.118179] TCP: Hash tables configured (established 8192 bind 8192)
[    3.132224] MPTCP token hash table entries: 4096 (order: 1, 98304 bytes, linear)
[    3.134637] UDP hash table entries: 2048 (order: 0, 65536 bytes, linear)
[    3.136020] UDP-Lite hash table entries: 2048 (order: 0, 65536 bytes, linear)
[    3.142186] NET: Registered PF_UNIX/PF_LOCAL protocol family
[    3.143962] NET: Registered PF_XDP protocol family
[    3.144903] PCI: CLS 0 bytes, default 64
[    3.152214] kvm [1]: HYP mode not available
[    3.156415] Trying to unpack rootfs image as initramfs...
[    3.180966] Initialise system trusted keyrings
[    3.188213] Key type blacklist registered
[    3.198626] workingset: timestamp_bits=40 max_order=13 bucket_order=0
[    3.201357] zbud: loaded
[    3.275132] squashfs: version 4.0 (2009/01/31) Phillip Lougher
[    3.309364] fuse: init (API version 7.39)
[    3.328010] integrity: Platform Keyring initialized
[    3.329224] integrity: Machine keyring initialized
[    3.358250] Freeing initrd memory: 2560K
[    3.986088] Key type asymmetric registered
[    3.986671] Asymmetric key parser 'x509' registered
[    3.988140] Block layer SCSI generic (bsg) driver version 0.4 loaded (major 242)
[    3.992422] io scheduler mq-deadline registered
[    4.126375] pl061_gpio 9030000.pl061: PL061 GPIO chip registered
[    4.143066] shpchp: Standard Hot Plug PCI Controller Driver version: 0.4
[    4.164391] pci-host-generic 4010000000.pcie: host bridge /pcie@10000000 ranges:
[    4.168495] pci-host-generic 4010000000.pcie:       IO 0x003eff0000..0x003effffff -> 0x0000000000
[    4.170443] pci-host-generic 4010000000.pcie:      MEM 0x0010000000..0x003efeffff -> 0x0010000000
[    4.171595] pci-host-generic 4010000000.pcie:      MEM 0x8000000000..0xffffffffff -> 0x8000000000
[    4.173359] pci-host-generic 4010000000.pcie: Memory resource size exceeds max for 32 bits
[    4.175729] pci-host-generic 4010000000.pcie: ECAM at [mem 0x4010000000-0x401fffffff] for [bus 00-ff]
[    4.181220] pci-host-generic 4010000000.pcie: PCI host bridge to bus 0000:00
[    4.183407] pci_bus 0000:00: root bus resource [bus 00-ff]
[    4.184311] pci_bus 0000:00: root bus resource [io  0x0000-0xffff]
[    4.185172] pci_bus 0000:00: root bus resource [mem 0x10000000-0x3efeffff]
[    4.186085] pci_bus 0000:00: root bus resource [mem 0x8000000000-0xffffffffff]
[    4.189357] pci 0000:00:00.0: [1b36:0008] type 00 class 0x060000 conventional PCI endpoint
[    4.637119] Serial: 8250/16550 driver, 32 ports, IRQ sharing enabled
[    4.938529] msm_serial: driver initialized
[    4.941915] SuperH (H)SCI(F) driver initialized
[    5.142320] loop: module loaded
[    5.198122] tun: Universal TUN/TAP device driver, 1.6
[    5.216405] PPP generic driver version 2.4.2
[    5.242040] mousedev: PS/2 mouse device common for all mice
[    5.257355] i2c_dev: i2c /dev entries driver
[    5.289339] device-mapper: core: CONFIG_IMA_DISABLE_HTABLE is disabled. Duplicate IMA measurements will not be recorded in the IMA log.
[    5.290954] device-mapper: uevent: version 1.0.3
[    5.295305] device-mapper: ioctl: 4.48.0-ioctl (2023-03-01) initialised: dm-devel@redhat.com
[    5.323527] ledtrig-cpu: registered to indicate activity on CPUs
[    5.380295] hw perfevents: enabled with armv8_pmuv3 PMU driver, 7 counters available
[    5.384156] watchdog: Delayed init of the lockup detector failed: -19
[    5.385052] watchdog: Hard watchdog permanently disabled
[    5.396243] drop_monitor: Initializing network drop monitor service
[    5.404303] NET: Registered PF_INET6 protocol family
[    5.482572] Segment Routing with IPv6
[    5.484370] In-situ OAM (IOAM) with IPv6
[    5.486694] NET: Registered PF_PACKET protocol family
[    5.490090] Key type dns_resolver registered
[    5.763416] registered taskstats version 1
[    5.778180] Loading compiled-in X.509 certificates
[    5.827592] Loaded X.509 cert 'Build time autogenerated kernel key: e56ccbe26d36f7299278fba129a21fda5d48c427'
[    5.854174] Loaded X.509 cert 'Canonical Ltd. Live Patch Signing 2025 Kmod: d541cef61dc7e793b7eb7e899970a2eef0b5dc8c'
[    5.862631] Loaded X.509 cert 'Canonical Ltd. Live Patch Signing: 14df34d1a87cf37625abec039ef2bf521249b969'
[    5.870070] Loaded X.509 cert 'Canonical Ltd. Kernel Module Signing 2025 Kmod: 4627603d2357a2a3f81006370894c221175893e9'
[    5.877055] Loaded X.509 cert 'Canonical Ltd. Kernel Module Signing: 88f752e560a1e0737e31163a466ad7b70a850c19'
[    5.878492] blacklist: Loading compiled-in revocation X.509 certificates
[    5.883725] Loaded X.509 cert 'Canonical Ltd. Secure Boot Signing: 61482aa2830d0ab2ad5af10b7250da9033ddcef0'
[    5.889299] Loaded X.509 cert 'Canonical Ltd. Secure Boot Signing (2017): 242ade75ac4a15e50d50c84b0d45ff3eae707a03'
[    5.892230] Loaded X.509 cert 'Canonical Ltd. Secure Boot Signing (ESM 2018): 365188c1d374d6b07c3c8f240f8ef722433d6a8b'
[    5.896532] Loaded X.509 cert 'Canonical Ltd. Secure Boot Signing (2019): c0746fd6c5da3ae827864651ad66ae47fe24b3e8'
[    5.901499] Loaded X.509 cert 'Canonical Ltd. Secure Boot Signing (2021 v1): a8d54bbb3825cfb94fa13c9f8a594a195c107b8d'
[    5.905597] Loaded X.509 cert 'Canonical Ltd. Secure Boot Signing (2021 v2): 4cf046892d6fd3c9a5b03f98d845f90851dc6a8c'
[    5.908724] Loaded X.509 cert 'Canonical Ltd. Secure Boot Signing (2021 v3): 100437bb6de6e469b581e61cd66bce3ef4ed53af'
[    5.912687] Loaded X.509 cert 'Canonical Ltd. Secure Boot Signing (Ubuntu Core 2019): c1d57b8f6b743f23ee41f4f7ee292f06eecadfb9'
[    6.693666] Key type .fscrypt registered
[    6.694297] Key type fscrypt-provisioning registered
[    6.752634] Key type encrypted registered
[    6.753346] AppArmor: AppArmor sha256 policy hashing enabled
[    6.755056] ima: No TPM chip found, activating TPM-bypass!
[    6.756241] Loading compiled-in module X.509 certificates
[    6.761664] Loaded X.509 cert 'Build time autogenerated kernel key: e56ccbe26d36f7299278fba129a21fda5d48c427'
[    6.763363] ima: Allocated hash algorithm: sha256
[    6.767546] ima: No architecture policies found
[    6.769701] evm: Initialising EVM extended attributes:
[    6.770438] evm: security.selinux
[    6.771058] evm: security.SMACK64
[    6.771437] evm: security.SMACK64EXEC
[    6.772001] evm: security.SMACK64TRANSMUTE
[    6.772424] evm: security.SMACK64MMAP
[    6.773001] evm: security.apparmor
[    6.773401] evm: security.ima
[    6.773916] evm: security.capability
[    6.774296] evm: HMAC attrs: 0x1
[    7.537673] clk: Disabling unused clocks
[    7.695389] Freeing unused kernel memory: 12992K
[    7.926936] Checked W+X mappings: passed, no W+X pages found
[    7.928153] Run /init as init process
OK: the declared non-SME kernel profile lacks the userspace capability and rejects SME vector control
OK: the non-SME kernel still provides real SVE instructions and vector control
VECTOR_PROFILE_RESULT=PASSED sve=available sme=unavailable
OK: lifecycle stepping attaches and traps the selected native instruction
OK: the selected task reaches its real instruction with the thread group frozen
OK: the fixture publishes its original console work before the trapped exit
OK: an exiting step selects a real surviving register bank without inventing a single-step result
OK: the surviving debugger remains editable and restores the complete shared exit trap
OK: native stepping continues on the explicitly selected live sibling after task exit
OK: task-exit cleanup resumes the original console and releases the surviving kernel stop
OK: leader exit during an all-stop step completes without waiting for stopped siblings
OK: lifecycle stepping attaches and traps the selected native instruction
OK: the selected task reaches its real instruction with the thread group frozen
OK: the fixture publishes its original console work before the trapped exit
OK: an exiting step selects a real surviving register bank without inventing a single-step result
OK: the surviving debugger remains editable and restores the complete shared exit trap
OK: native stepping continues on the explicitly selected live sibling after task exit
OK: task-exit cleanup resumes the original console and releases the surviving kernel stop
OK: worker exit during an all-stop step retires its selected context
OK: lifecycle stepping attaches and traps the selected native instruction
OK: the selected task reaches its real instruction with the thread group frozen
OK: stepping the final thread's exit publishes process exit and retires the stopped snapshot
OK: last-thread exit during an all-stop step publishes its terminal event
OK: lifecycle stepping attaches and traps the selected native instruction
OK: the selected task reaches its real instruction with the thread group frozen
OK: the fixture publishes its original console work before the trapped exit
OK: a failed EXIT-stop detach retains the actual owner and frozen siblings without publishing completion
OK: process metadata and thread selection omit the irreversibly exiting leader before it becomes a zombie
OK: EXIT-stop recovery retries detach and rearms the original shared instruction before reporting the survivor
OK: an exiting step selects a real surviving register bank without inventing a single-step result
OK: the surviving debugger remains editable and restores the complete shared exit trap
OK: native stepping continues on the explicitly selected live sibling after task exit
OK: task-exit cleanup resumes the original console and releases the surviving kernel stop
OK: failed thread-exit detach is recoverable on the original debugger owner
OK: lifecycle stepping attaches and traps the selected native instruction
OK: the selected task reaches its real instruction with the thread group frozen
OK: stepping a genuine program INT1 or BRK preserves its signal instead of inventing syscall completion
OK: the original program trap is delivered and its actual process exit remains observable
OK: real program traps stay distinct from kernel syscall-step notifications
OK: lifecycle stepping attaches and traps the selected native instruction
OK: the selected task reaches its real instruction with the thread group frozen
OK: the fixture publishes its original console work before the trapped exit
OK: a nonleader exec drains sibling EXIT stops, adopts the renamed task and retires old-image traps
OK: the replacement program starts and completes console work after an all-stop nonleader exec step
OK: a nonleader exec step completes despite sibling exit and kernel TID replacement
OK: instruction tracing recognizes an actual native syscall-return step trap
OK: syscall tracing preserves its real return value and original console liveness
OK: native syscall instruction tracing restores its owner and preserves the program
OK: a debugger's parent process launches its own real target
OK: the debugger callback establishes the requested running or paused state before the launcher competes for notifications
OK: the launcher consumes the actual requested stop notification while the debugger retains ownership
OK: debugger cleanup releases an EXIT stop whose wait notification was consumed by its launcher
OK: same-process child reaping cannot deadlock debugger destruction
OK: a debugger's parent process launches its own real target
OK: the debugger callback establishes the requested running or paused state before the launcher competes for notifications
OK: the launcher consumes the actual requested stop notification while the debugger retains ownership
OK: a running debugger reports final exit automatically after its launcher consumes the EXIT notification
OK: debugger cleanup releases an EXIT stop whose wait notification was consumed by its launcher
OK: same-process child reaping preserves automatic final-exit notification
OK: a debugger's parent process launches its own real target
OK: the debugger callback establishes the requested running or paused state before the launcher competes for notifications
OK: the launcher consumes the actual requested stop notification while the debugger retains ownership
OK: a running debugger automatically releases a worker EXIT stop consumed by its launcher without stopping the survivor
OK: automatic worker-exit retirement preserves shared code and the original console work
OK: debugger cleanup releases an EXIT stop whose wait notification was consumed by its launcher
OK: same-process child reaping preserves automatic worker-exit retirement and target liveness
OK: a debugger's parent process launches its own real target
OK: the debugger callback establishes the requested running or paused state before the launcher competes for notifications
OK: the launcher consumes the actual requested stop notification while the debugger retains ownership
OK: failed automatic EXIT-stop detach retains the original owner and freezes the surviving thread for recovery
OK: automatic EXIT-stop recovery publishes the actual surviving register bank only after owned cleanup completes
OK: automatic worker-exit retirement preserves shared code and the original console work
OK: debugger cleanup releases an EXIT stop whose wait notification was consumed by its launcher
OK: same-process child reaping preserves recoverable automatic EXIT-stop cleanup
OK: a debugger's parent process launches its own real target
OK: the debugger callback establishes the requested running or paused state before the launcher competes for notifications
OK: the launcher consumes the actual requested stop notification while the debugger retains ownership
OK: a consumed program-trap notification still publishes its actual signal and fresh stopped register bank
OK: continuing a consumed program-trap stop delivers the original fatal signal exactly once
OK: debugger cleanup releases an EXIT stop whose wait notification was consumed by its launcher
OK: same-process child reaping preserves genuine program-trap handling and delivery
OK: a debugger's parent process launches its own real target
OK: the debugger callback establishes the requested running or paused state before the launcher competes for notifications
OK: the launcher consumes the actual requested stop notification while the debugger retains ownership
OK: a consumed CLONE notification still adopts and runs the real worker to completion
OK: a consumed CLONE stop restores every original shared syscall instruction byte
OK: the original parent console remains live after consumed CLONE and real worker exit
OK: debugger cleanup releases an EXIT stop whose wait notification was consumed by its launcher
OK: same-process child reaping preserves real CLONE adoption and worker execution
OK: a debugger's parent process launches its own real target
OK: the debugger callback establishes the requested running or paused state before the launcher competes for notifications
OK: the launcher consumes the actual requested stop notification while the debugger retains ownership
OK: a consumed EXEC notification retires old-image traps and publishes the replacement kernel register bank
OK: the replacement program starts and completes original console work after a consumed EXEC stop
OK: debugger cleanup releases an EXIT stop whose wait notification was consumed by its launcher
OK: same-process child reaping preserves actual EXEC adoption and replacement-image liveness
OK: a debugger's parent process launches its own real target
OK: the debugger callback establishes the requested running or paused state before the launcher competes for notifications
OK: the paused target is killed while its EXIT wait notification remains available to the debugger
OK: a paused debugger reports final exit automatically whether its launcher consumes the EXIT notification or leaves it queued
OK: debugger cleanup releases an EXIT stop whose wait notification was consumed by its launcher
OK: paused target death is observable without requiring another debugger command
OK: a debugger's parent process launches its own real target
OK: the debugger callback establishes the requested running or paused state before the launcher competes for notifications
OK: the launcher consumes the actual requested stop notification while the debugger retains ownership
OK: a paused debugger reports final exit automatically whether its launcher consumes the EXIT notification or leaves it queued
OK: debugger cleanup releases an EXIT stop whose wait notification was consumed by its launcher
OK: paused target death is observable without requiring another debugger command
OK: a same-process launcher publishes its real nonleader-exec target
OK: nonleader exec replaces its real TID while the owner is held after the actual leader detach
OK: the parent consumes the actual nonleader EXEC report at its replacement process TID
OK: the debugger recovers a consumed nonleader EXEC and adopts its actual replacement thread
OK: recovered nonleader EXEC retires old-image traps without replaying them into the replacement program
OK: a recovered nonleader replacement image starts and completes its original console work
OK: the recovered replacement process exits normally without retaining a kernel owner
OK: same-process child reaping preserves nonleader EXEC across kernel TID replacement
OK: a same-process launcher publishes its real nonleader-exec target
OK: the actual nonleader exec instruction is selected with its sibling frozen before an all-stop step
OK: nonleader exec replaces its real TID while the owner is held after the actual leader detach
OK: the parent consumes the actual nonleader EXEC report at its replacement process TID
OK: the debugger recovers a consumed nonleader EXEC and adopts its actual replacement thread
OK: recovered nonleader EXEC retires old-image traps without replaying them into the replacement program
OK: a recovered nonleader replacement image starts and completes its original console work
OK: the recovered replacement process exits normally without retaining a kernel owner
OK: same-process child reaping preserves nonleader EXEC across kernel TID replacement
OK: a same-process launcher publishes its real nonleader-exec target
OK: nonleader exec replaces its real TID while the owner is held after the actual leader detach
OK: the parent consumes the actual nonleader EXEC report at its replacement process TID
OK: the debugger recovers a consumed nonleader EXEC and adopts its actual replacement thread
OK: an actual exec with a failed context read still notifies image retirement without retaining an old register bank
OK: the existing exec owner retries a transient context read and exposes the real replacement register bank
OK: recovered nonleader EXEC retires old-image traps without replaying them into the replacement program
OK: a recovered nonleader replacement image starts and completes its original console work
OK: the recovered replacement process exits normally without retaining a kernel owner
OK: same-process child reaping preserves nonleader EXEC across kernel TID replacement
SESSION_THREAD_EXIT_RESULT=PASSED
OK: x64 syscall plan uses its Linux number and opcode
OK: compat mode in an ELF64 host uses mmap2 and the signed fd sentinel
OK: x32 retains a 64-bit result register and its separate syscall-number bit
OK: 32-bit syscall arguments cannot silently truncate addresses or lengths
OK: ARM and Thumb plans have distinct instruction widths
OK: ARM instruction byte order is independent of target data byte order
OK: unknown ARM instruction order cannot select an opcode
OK: ARM64 syscall plan uses svc zero and the native mmap number
OK: a Windows or unknown program descriptor cannot masquerade as a Linux syscall host
OK: real native syscall fixture starts
OK: fixture ELF declares the actual syscall ABI
SYSCALL_TARGET architecture=ARM64 abi=Linux AArch64 width=8 pageSize=65536
SYSCALL_KERNEL release=6.8.0-146-generic-64k machine=aarch64
OK: original target instructions are readable
OK: target mmap executes using its native register and syscall ABI
OK: allocated target memory is observable through real process_vm access
OK: target mprotect removes write access
OK: target munmap removes the allocated mapping
OK: syscall injection leaves original target instructions unchanged
OK: syscall restart state survives repeated attach/inject/restore/detach
OK: target mmap executes using its native register and syscall ABI
OK: allocated target memory is observable through real process_vm access
OK: target mprotect removes write access
OK: target munmap removes the allocated mapping
OK: syscall injection leaves original target instructions unchanged
OK: syscall restart state survives repeated attach/inject/restore/detach
OK: target mmap executes using its native register and syscall ABI
OK: allocated target memory is observable through real process_vm access
OK: target mprotect removes write access
OK: target munmap removes the allocated mapping
OK: syscall injection leaves original target instructions unchanged
OK: syscall restart state survives repeated attach/inject/restore/detach
OK: kernel syscall errors preserve target liveness and report the actual errno
OK: unmapping the current syscall instruction is rejected before any mutation
OK: removing execute access from the current syscall page preserves liveness
OK: application process API executes allocation/protection/free through the owner service
OK: a rejected low-address near-allocation candidate falls back to a usable gap
OK: application API exposes retained recovery after a real kernel restoration failure
OK: a new process handle recovers the original ptrace owner and cleans its unreturned allocation
OK: caller destruction retains the completed allocation until it is actually unmapped
OK: independent frontend threads share syscall ownership without conflicting ptrace attachment
OK: zero-size and overflowing application requests are rejected before target mutation
OK: service shutdown fixture has a stable target identity
OK: isolated service owns a real pending restoration at shutdown
OK: service shutdown finishes restoration and allocation cleanup on the original owner thread
OK: real completed mmap retains its allocation and a recovery ticket on restoration failure
OK: a different thread cannot replay a ptrace owner's recovery record
OK: recovery restores the actual target and is idempotent
OK: target continues executing after verified recovery
OK: completed-but-unreturned mmap can be cleaned up after recovery
OK: busy-code restoration fixture receives its command
OK: busy-code fixture publishes its wait flag
OK: code-restoration fault owns the only stopped thread before patching its busy instruction
OK: real completed mmap retains its allocation and a recovery ticket on restoration failure
OK: a different thread cannot replay a ptrace owner's recovery record
OK: recovery restores the actual target and is idempotent
OK: quiesced instruction recovery retains attachment until the original owner detaches
OK: restored busy-code target can leave its wait loop
OK: target continues executing after verified recovery
OK: completed-but-unreturned mmap can be cleaned up after recovery
OK: real completed mmap retains its allocation and a recovery ticket on restoration failure
OK: a different thread cannot replay a ptrace owner's recovery record
OK: recovery restores the actual target and is idempotent
OK: target continues executing after verified recovery
OK: completed-but-unreturned mmap can be cleaned up after recovery
OK: same-file exec fixture starts
OK: same-file exec fixture retains its original memory image
OK: original image is restored before fixture exec
OK: target really execs the same ELF file on the same PID
OK: same-file exec cannot be detected by PID/start-time/executable-inode alone
OK: old memory-image ownership rejects cleanup into a same-file replacement process
OK: separate target starts for exit during recovery
OK: exiting target retains a real failed-restoration record
OK: stopped recovery target can exit normally through the kernel
OK: exit clears recovery ownership without replaying dead registers or memory
OK: a real user SIGTRAP is delivered rather than swallowed as a single-step trap
OK: native debugger fixture starts
OK: native fixture seeds independent low and high SIMD register sentinels
OK: native debugger seizes a syscall-parked thread without a signal
OK: register context identifies the stopped thread ISA and native PC/SP
OK: native SIMD register bank is read through its architecture ABI
OK: SIMD reads preserve the fixture's independent 128-bit low and high register values
OK: native register edits reach the actual kernel register bank
OK: original register bank is restored before target execution
OK: a rejected register write restores earlier fields rather than leaving a partial kernel update
OK: a foreign register context cannot corrupt a stopped thread
OK: kernel reports the native hardware breakpoint bank
OK: an invalid breakpoint slot is rejected without changing another slot
OK: native hardware execution breakpoint arms at the real writer function
OK: execution breakpoint traps at the exact native instruction address
OK: native execution breakpoint is removed from its own bank
OK: a real hardware programming failure restores and verifies the previous native slot
OK: a failed hardware rollback is reported while ptrace ownership remains retained
OK: explicit recovery restores the saved native hardware bank before execution
OK: recovered breakpoint ownership can be released
OK: native single-step advances a real instruction and captures the new PC
OK: single-stepped writer completes before a separate watchpoint operation
OK: native debugger interrupts the running target without SIGSTOP
OK: native four-byte hardware write watchpoint arms at the actual data address
OK: a native write produces a genuine hardware-watchpoint trap
OK: native watchpoint reports the correct watched access and architecture timing
HARDWARE_WATCHPOINT timing=before-access
OK: watchpoint removal and status cleanup succeed before detach
OK: stepping with the watchpoint removed completes the actual native store
OK: target completes its command after native debugger detach
OK: target keeps executing with its original registers and no residual breakpoint
OK: same target can reattach for native software-breakpoint checks
OK: software-breakpoint fixture retains its exact original instruction bytes
OK: failed software-breakpoint verification retains the original bytes and recovery record
OK: software-breakpoint recovery restores real target code before another operation
OK: architecture-specific software trap installs on read-only executable code
OK: native software trap fires with the correct architecture-specific PC semantics
OK: software breakpoint restores exact code and adjacent bytes, and cleanup is idempotent
OK: restored original instruction executes after the software trap is removed
OK: target completes the original writer after software-breakpoint recovery and detach
OK: target stays live after both native software and hardware breakpoint cycles
DEBUG_BACKEND_RESULT=PASSED architecture=ARM64
OK: full debugger session fixture exposes actual code and call sites
OK: full session fixture seeds native SIMD values before attachment
OK: application DebugSession attaches through its real owner thread and all-stop loop
OK: full session publishes the actual ISA and complete native SIMD register bank
OK: frontend register edits execute on the session owner and restore the original bank
OK: full session retains a failed software installation and its original code
OK: full session retries failed code restoration on the same ptrace owner
OK: full session installs its native software breakpoint
OK: full event loop attributes the software trap and restores the correct native PC
OK: full session steps the original instruction and rearms the software breakpoint
OK: session removal restores all native instruction bytes and their neighbors
OK: target completes its original writer after session single-step
OK: full session preserves a separate watchpoint in another native slot
OK: full session arms a data watchpoint while the target is running
OK: full session attributes the actual native hardware watchpoint
OK: continuing a native watchpoint executes its store without retrapping or losing liveness
OK: full session attributes the actual native hardware watchpoint
OK: continuing a native watchpoint executes its store without retrapping or losing liveness
OK: full session attributes the actual native hardware watchpoint
OK: continuing a native watchpoint executes its store without retrapping or losing liveness
OK: session follows a newly cloned writer thread and stops the whole target at its watchpoint
OK: full session can inspect and select both stopped thread register banks
OK: new writer thread continues and exits after its native watchpoint
OK: full session removes the native data watchpoint from every traced thread
OK: removing one native watchpoint preserves the independently owned slot until its removal
OK: full session stops at the real native call instruction
OK: step-over decodes the target ISA and completes at the native call return address
OK: native call breakpoint removes cleanly after step-over
OK: native caller completes after step-over without code or stack corruption
OK: entry step-out uses the native saved return register or stack slot
OK: native caller keeps executing after callee step-out
OK: run-to-cursor executes and restores its architecture-specific temporary breakpoint
OK: native return instruction executes after temporary breakpoint cleanup
OK: exec discards old breakpoint ownership without writing old code into the replacement image
OK: replacement program starts after the full debugger exec stop
OK: replacement program runs with no residual old-image breakpoint
OK: full session detach drains restoration on its original owner thread
OK: target remains live after full session detach and exec transition
DEBUG_SESSION_RESULT=PASSED architecture=ARM64
OK: session interrupted-step fixture starts
OK: session reaches an owned trap before an interrupted instruction step
OK: a signal during single-step keeps the target stopped until software traps are safely rearmed
OK: continuing an interrupted step forwards its signal and executes the original instruction
OK: interrupted-step breakpoint cleanup succeeds
OK: session destruction fixture starts
OK: session owns a planted trap before caller destruction
OK: caller destruction retains ptrace ownership until failed code cleanup can be verified
OK: session destruction retries and verifies the exact original instruction bytes
OK: target remains live after session destruction and failed cleanup recovery
OK: session signal-delivery fixture starts
OK: full session attaches before testing a genuine user signal
OK: a genuine user SIGTRAP is surfaced without being confused with an owned breakpoint
OK: continuing an exception breakpoint preserves genuine signal delivery and process-exit notification
DEBUG_RECOVERY_RESULT=PASSED
OK: native instruction-trace fixture starts
OK: instruction tracing reports readiness only after native execution breakpoints are armed
OK: overlapping trace requests cannot reset cancellation or seize a second owner
OK: real instruction tracing publishes native PCs, register banks and decoded instructions
OK: instruction tracing restores native hardware state and leaves the writer alive
OK: instruction trace steps over native calls and stops at the requested return instruction
OK: native call trace restores its temporary execution breakpoint without stack corruption
OK: waiting instruction trace cancels and drains its ptrace owner
OK: target continues after cancelling an armed instruction trace
OK: failed trace hardware cleanup retains the real ptrace stop and its original bank
OK: trace cleanup retries on its owner and leaves no residual execution breakpoint
OK: instruction tracing adopts and arms a newly cloned writer before its first instruction
OK: new writer exits and target stays live after cloned-thread trace cleanup
OK: exec ends an armed trace and discards old-image hardware restoration records
OK: replacement image runs after trace exec without an old-image breakpoint
OK: exit during failed trace cleanup retires ownership without hanging on a dead register bank
OK: an armed trace forwards genuine user SIGTRAP rather than swallowing it as its own breakpoint
TRACE_BACKEND_RESULT=PASSED architecture=ARM64
OK: native CodeFinder fixture starts
OK: fixture exposes an independently decoded native store instruction
OK: CodeFinder fixture retains occupied and previously configured disabled slots before monitoring
OK: real CodeFinder arms native data banks before reporting startup success
OK: target completes a native store while CodeFinder records and rearms its watchpoint
OK: target completes a native store while CodeFinder records and rearms its watchpoint
OK: target completes a native store while CodeFinder records and rearms its watchpoint
OK: CodeFinder reports the exact native store and correct pre/post-access register timing
OK: CodeFinder arms a newly cloned writer before its first store and lets it exit
OK: CodeFinder attributes cloned-thread accesses to the same real writer instruction
OK: CodeFinder restores every original native bank and detaches without a residual watchpoint
OK: CodeFinder preserves the independent slot exactly and restores all addresses and enable/control state
OK: ARM64 hardware cleanup does not create unused later-slot perf events
OK: independently owned test watchpoint removes cleanly after CodeFinder restoration
OK: failed CodeFinder cleanup keeps its owner, stopped target and exact original hardware bank
OK: CodeFinder retries failed hardware restoration before releasing the target
OK: failed CodeFinder startup retains cleanup ownership after a partially written bank
OK: failed CodeFinder startup restores the target before returning failure
OK: CodeFinder ends on exec without replaying old-image debug banks
OK: replacement image runs without an old-image CodeFinder watchpoint
OK: CodeFinder preserves genuine user SIGTRAP delivery instead of swallowing the signal
OK: target exit drains failed CodeFinder cleanup without hanging on a dead bank
CODEFINDER_BACKEND_RESULT=PASSED architecture=ARM64
OK: stopped native syscall fixture starts
OK: stopped syscall fixture owns a private executable scratch page
OK: an initialization error reported after real target mutation restores every native register, syscall slot and instruction before returning ownership
OK: an initialization error reported after real target mutation restores every native register, syscall slot and instruction before returning ownership
OK: an initialization error reported after real target mutation restores every native register, syscall slot and instruction before returning ownership
OK: stopped syscall uses the native register ABI and really changes target protection
OK: private-gadget syscall restores native registers, shared code and the existing ptrace relationship
OK: stopped syscall failure retains exact register recovery and the completed protection result
OK: stopped syscall recovery restores on the existing owner without detaching it
OK: quiesced syscall releases its scratch page and restores exact shared program instructions
OK: stopped syscall scratch cleanup and detach preserve the original blocked-read restart state
STOPPED_SYSCALL_RESULT=PASSED architecture=ARM64
OK: native software CodeFinder fixture starts
OK: software CodeFinder arms its real native page guard before startup succeeds
OK: software watchpoint executes a native store and rearms its page guard without losing liveness
OK: software watchpoint executes a native store and rearms its page guard without losing liveness
OK: software watchpoint executes a native store and rearms its page guard without losing liveness
OK: software CodeFinder records the native faulting store and its register context
OK: software CodeFinder follows a newly cloned writer without exposing an untraced page fault
OK: software CodeFinder restores exact page permissions and releases its syscall scratch mapping before detach
OK: software cleanup retains native register recovery and the real stopped-thread owner
OK: software cleanup retries native restoration and leaves no permission or mapping residue
OK: software CodeFinder retires old page/scratch ownership on exec without changing the replacement image
OK: replacement program executes after software watchpoint exec cleanup
SOFTWARE_CODEFINDER_RESULT=PASSED architecture=ARM64
OK: hardware job-control fixture arms
OK: CodeFinder preserves a real group stop while a requested write stays pending
OK: SIGCONT resumes the target and native monitoring still records its pending store
OK: detaching CodeFinder preserves the target's preexisting job-control stop
OK: the detached target runs normally after its owner sends SIGCONT
OK: software job-control fixture arms
OK: CodeFinder preserves a real group stop while a requested write stays pending
OK: SIGCONT resumes the target and native monitoring still records its pending store
OK: detaching CodeFinder preserves the target's preexisting job-control stop
OK: the detached target runs normally after its owner sends SIGCONT
OK: a real ignored signal during software gadget execution survives cleanup and the original store completes
OK: signal-interrupted software watchpoint cleanup leaves no page guard or scratch residue
CODEFINDER_SIGNAL_RESULT=PASSED architecture=ARM64
OK: leader-exit fixture publishes its actual target format and memory
OK: the actual kernel retires the leader while its console sibling remains alive
OK: existing and newly opened handles retain real metadata after leader exit
OK: process reads use a live member after the group leader releases its memory
OK: process writes preserve original console work after leader exit
OK: batched scanner reads follow the live address space after leader exit
OK: memory maps, module backing files and surviving threads remain available
OK: selected-thread inspection reads the surviving thread and releases its real stop
OK: process-level memory allocation selects a live thread after leader exit
OK: live-thread memory operations preserve protection, remove allocations and resume console work
OK: failed live-member restoration retains its unreturned mapping against the original process identity
OK: another frontend recovers the live member and releases its unreturned mapping after leader exit
OK: full debugger retains the original process PID and selects an actual surviving stopped thread
OK: leaderless debugger reports the real surviving writer's software breakpoint
OK: leaderless debugger single-steps native code and restores its complete trap bytes
OK: leaderless debugger cleanup releases the selected stop and preserves original console execution
OK: leaderless instruction tracing captures actual surviving-thread registers and native decoding
OK: leaderless trace cleanup restores the real hardware bank and original console work
OK: all-thread CodeFinder monitors the actual surviving writer after leader exit
OK: leaderless CodeFinder cleanup restores kernel watchpoints and resumes console work
OK: native single-thread CodeFinder selects a live member after leader exit
OK: leaderless CodeFinder cleanup restores kernel watchpoints and resumes console work
OK: the original process handle retires only after the last live member exits
LEADER_EXIT_RESULT=PASSED
OK: concurrent frontend metadata and an owned inspection callback complete without a lock-order deadlock
OK: image-metadata recovery starts a real syscall-parked target
OK: unavailable executable metadata after real mmap retains its allocation and original stopped owner
OK: restored executable metadata permits verified GP/restart recovery and original console work
OK: completed but unreturned mmap is released after metadata and register recovery
OK: unavailable image metadata with a stale requested birth retains the actual seized task without calling user code
OK: cleanup binds to the actual seized task birth rather than retiring a stale caller identity
OK: brokered metadata recovery starts a separate real target
OK: the application broker never returns a mapping while live metadata failure leaves GP restoration pending
OK: process recovery owns and unmaps the unreturned allocation after executable metadata becomes readable
OK: thread inspection starts a real syscall-parked native target
OK: owned inspection reads registers and stack together then releases the actual kernel stop
OK: real kernel edit merges a changed GP register without replaying stale PC or SP
OK: register edit can restore the target's original general register
OK: failed inspection callback restores its real register mutation and retains syscall restart
OK: inspection detach failure retains ownership beyond the frontend callback
OK: native service recovers retained inspection ownership on its original thread
OK: all inspections and edit rollback preserve the target's original blocked read
OK: inspection concurrency fixture has a real running sibling
OK: inspecting one selected thread leaves its shared-code sibling running
OK: failed sibling inspection reports pending recovery against its process without seizing the whole group
OK: process-level recovery releases the retained selected sibling on its original owner
OK: selected-thread inspections preserve both real threads and original console work
OK: preflight recovery starts a real native target
OK: failure before syscall execution retains the actual ptrace owner without an invented allocation
OK: preflight recovery refuses a different host owner thread
OK: preflight recovery releases the original attachment and is idempotent
OK: the untouched target resumes its original blocked read and console work after preflight recovery
OK: preflight recovery starts a real native target
OK: failure before syscall execution retains the actual ptrace owner without an invented allocation
OK: preflight recovery refuses a different host owner thread
OK: preflight recovery releases the original attachment and is idempotent
OK: the untouched target resumes its original blocked read and console work after preflight recovery
OK: preflight recovery starts a real native target
OK: failure before syscall execution retains the actual ptrace owner without an invented allocation
OK: preflight recovery refuses a different host owner thread
OK: preflight recovery releases the original attachment and is idempotent
OK: the untouched target resumes its original blocked read and console work after preflight recovery
OK: preflight recovery starts a real native target
OK: failure before syscall execution retains the actual ptrace owner without an invented allocation
OK: preflight recovery refuses a different host owner thread
OK: preflight recovery releases the original attachment and is idempotent
OK: the untouched target resumes its original blocked read and console work after preflight recovery
OK: preflight recovery starts a real native target
OK: failure before syscall execution retains the actual ptrace owner without an invented allocation
OK: preflight recovery refuses a different host owner thread
OK: preflight recovery releases the original attachment and is idempotent
OK: the untouched target resumes its original blocked read and console work after preflight recovery
OK: allocation preflight starts a separate real native target
OK: failure allocating recovery ownership occurs before any ptrace attachment or target execution
OK: allocation failure before attachment leaves the target running normally
OK: exit preflight recovery starts a separate real native target
OK: an untouched stopped target retains preflight ownership before exit
OK: preflight ownership retires idempotently after real target exit without replaying an unfinished snapshot
OK: service preflight recovery starts a separate real native target
OK: the application service retains preflight detach failure through caller destruction
OK: a new application handle recovers the original preflight ptrace owner without a register snapshot
OK: service preflight recovery preserves the real target's blocked read and continued execution
PREFLIGHT_RECOVERY_RESULT=PASSED architecture=ARM64
OK: native function fixture starts a real process
OK: fixture publishes real native callable functions and their wait controls
OK: native call uses an executable private page and a separate guarded private stack
OK: a real blocked read, including ARM64's cleared syscall slot and rewound SVC, rejects a native call before private code or context mutation
OK: the refused parked-thread call resumes the original blocked read and console work
OK: call fixture seeds SIMD state and reaches an actual user-mode stop
OK: native function snapshots every kernel GP and extended register, signal mask and original stack bytes
OK: eight native arguments, including x86 stack arguments, return exactly and restore SIMD, GP, mask and original stack bytes
OK: a private call frame can be reused without leaking target register or stack state
OK: a transient return-register or opcode read failure retains the unclassified stop without reporting a result
OK: retry classifies the saved return stop before continuing and restores the completed call exactly
OK: a transient return-register or opcode read failure retains the unclassified stop without reporting a result
OK: retry classifies the saved return stop before continuing and restores the completed call exactly
OK: a real timeout interrupt racing the queued return trap is drained in private code before original context restoration
OK: a raced timeout leaves no stale owned interrupt for the next native call
OK: a reported setup error after a real private instruction or register write restores the original context without running the callee
OK: a reported setup error after a real private instruction or register write restores the original context without running the callee
OK: a reported setup error after a real private instruction or register write restores the original context without running the callee
OK: failure restoring a completed native call retains the actual return value and exact owner recovery
OK: retry restores a completed call without invoking the function a second time
OK: a real unfinished callee is bounded by its timeout and retains ownership without inventing a return value
OK: an unfinished native call refuses recovery from a different host owner thread
OK: an external signal or foreign SIGTRAP remains a delivery stop rather than being mistaken for the private return trap
OK: retry does not silently suppress an undecided native call signal
OK: an explicit signal decision completes the original callee, restores its context and makes recovery idempotent
OK: a real unfinished callee is bounded by its timeout and retains ownership without inventing a return value
OK: an unfinished native call refuses recovery from a different host owner thread
OK: an external signal or foreign SIGTRAP remains a delivery stop rather than being mistaken for the private return trap
OK: retry does not silently suppress an undecided native call signal
OK: an explicit signal decision completes the original callee, restores its context and makes recovery idempotent
OK: an owned existing syscall releases the private frame without touching shared code or detaching
OK: native call and cleanup resume the original CPU loop and console work
OK: a genuine callee segmentation fault retains its real signal stop and never reports a successful function result
OK: a dead faulting callee retires recovery without replaying registers or fabricating a result
STOPPED_FUNCTION_RESULT=PASSED architecture=ARM64
OK: shared native call owner starts a real target
OK: shared owner fixture publishes callable ABI and resource-lease functions
OK: two real threads keep running while the call owner selects only one thread
OK: shared owner completes a native call and restores the exact mapping/protection list before releasing ownership
OK: a callee's real thread-directed signal follows the requested delivery policy and still returns its actual result
OK: a timed-out call retains its private frame and shared owner across frontend failure
OK: a sibling makes real CPU progress while the selected native call retains ownership
OK: memory operations and caller destruction cannot seize a second owner or discard a live call frame
OK: shared owner retains a genuine external SIGTRAP until an explicit signal decision
OK: a new frontend resumes the original call on its existing owner and releases every private mapping
OK: a successful resource-producing call keeps a client lease without retaining a private frame or blocking other calls
OK: destroying the resource result schedules one native detach and cleans its replacement frame without frontend ownership
OK: a resource lease explicitly released after target cleanup never performs a duplicate detach
OK: shared call recovery leaves both original threads and console work live
NATIVE_CALL_OWNER_RESULT=PASSED architecture=ARM64
OK: native function fixture starts a real process
OK: fixture publishes real native callable functions and their wait controls
OK: native call uses an executable private page and a separate guarded private stack
OK: a real blocked read, including ARM64's cleared syscall slot and rewound SVC, rejects a native call before private code or context mutation
OK: the refused parked-thread call resumes the original blocked read and console work
[   21.896664] hrtimer: interrupt took 5257088 ns
OK: call fixture seeds SIMD state and reaches an actual user-mode stop
OK: native function snapshots every kernel GP and extended register, signal mask and original stack bytes
OK: eight native arguments, including x86 stack arguments, return exactly and restore SIMD, GP, mask and original stack bytes
OK: a private call frame can be reused without leaking target register or stack state
OK: a transient return-register or opcode read failure retains the unclassified stop without reporting a result
OK: retry classifies the saved return stop before continuing and restores the completed call exactly
OK: a transient return-register or opcode read failure retains the unclassified stop without reporting a result
OK: retry classifies the saved return stop before continuing and restores the completed call exactly
OK: a real timeout interrupt racing the queued return trap is drained in private code before original context restoration
OK: a raced timeout leaves no stale owned interrupt for the next native call
OK: a reported setup error after a real private instruction or register write restores the original context without running the callee
OK: a reported setup error after a real private instruction or register write restores the original context without running the callee
OK: a reported setup error after a real private instruction or register write restores the original context without running the callee
OK: failure restoring a completed native call retains the actual return value and exact owner recovery
OK: retry restores a completed call without invoking the function a second time
OK: a real unfinished callee is bounded by its timeout and retains ownership without inventing a return value
OK: an unfinished native call refuses recovery from a different host owner thread
OK: an external signal or foreign SIGTRAP remains a delivery stop rather than being mistaken for the private return trap
OK: retry does not silently suppress an undecided native call signal
OK: an explicit signal decision completes the original callee, restores its context and makes recovery idempotent
OK: a real unfinished callee is bounded by its timeout and retains ownership without inventing a return value
OK: an unfinished native call refuses recovery from a different host owner thread
OK: an external signal or foreign SIGTRAP remains a delivery stop rather than being mistaken for the private return trap
OK: retry does not silently suppress an undecided native call signal
OK: an explicit signal decision completes the original callee, restores its context and makes recovery idempotent
OK: an owned existing syscall releases the private frame without touching shared code or detaching
OK: native call and cleanup resume the original CPU loop and console work
SVE_FUNCTION_RESULT=PASSED architecture=ARM64
OK: native function fixture starts a real process
OK: fixture publishes real native callable functions and their wait controls
OK: native call uses an executable private page and a separate guarded private stack
OK: a real blocked read, including ARM64's cleared syscall slot and rewound SVC, rejects a native call before private code or context mutation
OK: the refused parked-thread call resumes the original blocked read and console work
OK: call fixture seeds SIMD state and reaches an actual user-mode stop
OK: native function snapshots every kernel GP and extended register, signal mask and original stack bytes
OK: eight native arguments, including x86 stack arguments, return exactly and restore SIMD, GP, mask and original stack bytes
OK: a private call frame can be reused without leaking target register or stack state
OK: a transient return-register or opcode read failure retains the unclassified stop without reporting a result
OK: retry classifies the saved return stop before continuing and restores the completed call exactly
OK: a transient return-register or opcode read failure retains the unclassified stop without reporting a result
OK: retry classifies the saved return stop before continuing and restores the completed call exactly
OK: a real timeout interrupt racing the queued return trap is drained in private code before original context restoration
OK: a raced timeout leaves no stale owned interrupt for the next native call
OK: a reported setup error after a real private instruction or register write restores the original context without running the callee
OK: a reported setup error after a real private instruction or register write restores the original context without running the callee
OK: a reported setup error after a real private instruction or register write restores the original context without running the callee
OK: failure restoring a completed native call retains the actual return value and exact owner recovery
OK: retry restores a completed call without invoking the function a second time
OK: a real unfinished callee is bounded by its timeout and retains ownership without inventing a return value
OK: an unfinished native call refuses recovery from a different host owner thread
OK: an external signal or foreign SIGTRAP remains a delivery stop rather than being mistaken for the private return trap
OK: retry does not silently suppress an undecided native call signal
OK: an explicit signal decision completes the original callee, restores its context and makes recovery idempotent
OK: a real unfinished callee is bounded by its timeout and retains ownership without inventing a return value
OK: an unfinished native call refuses recovery from a different host owner thread
OK: an external signal or foreign SIGTRAP remains a delivery stop rather than being mistaken for the private return trap
OK: retry does not silently suppress an undecided native call signal
OK: an explicit signal decision completes the original callee, restores its context and makes recovery idempotent
OK: an owned existing syscall releases the private frame without touching shared code or detaching
OK: native call and cleanup resume the original CPU loop and console work
MAXIMUM_SVE_FUNCTION_RESULT=PASSED architecture=ARM64
OK: shared-code syscall fixture starts
OK: two real native threads execute the same busy function while sharing program code
OK: transient mmap/mprotect/munmap use existing native syscall instructions without any program-code write
OK: the unseized sibling keeps making progress through shared code during transient memory operations
OK: all readable non-writable executable mappings stay byte-for-byte unchanged
OK: both busy threads finish normally and the original blocked-read restart state survives
SHARED_SYSCALL_RESULT=PASSED architecture=ARM64
OK: syscall-policy fixture starts
OK: the actual target installs a kernel seccomp filter trapping its native mmap syscall
OK: a kernel-denied synthetic syscall reports permission failure without inventing a completed allocation
OK: the denied operation preserves the filter and original target context without injecting a synthetic SIGSYS
OK: other native syscalls still reach the kernel under the unchanged target policy
SYSCALL_POLICY_RESULT=PASSED architecture=ARM64
OK: real ARM64 extension syscall-preservation fixture starts
OK: the vector target configures an actual alternate stack and blocked signal mask
OK: the target enters a native scalable-vector CPU loop
OK: kernel register images contain real live SVE vectors, predicates and FFR
OK: the real kernel changes vector length and discards a captured live register bank
OK: opaque extension recovery restores destroyed data, vector lengths and the original streaming mode
OK: a directly restored vector target resumes only after complete verification
OK: real application memory operations complete while scalable-vector state is live
OK: failed extension restoration retains the actual mmap result and the original owner stop
OK: a target with damaged vector state remains stopped until verified recovery
OK: retry restores extensions on the original owner and unmaps the completed but unreturned allocation
OK: failed extension restoration retains the actual mmap result and the original owner stop
OK: a target with damaged vector state remains stopped until verified recovery
OK: retry restores extensions on the original owner and unmaps the completed but unreturned allocation
OK: failed extension restoration retains the actual mmap result and the original owner stop
OK: a target with damaged vector state remains stopped until verified recovery
OK: retry restores extensions on the original owner and unmaps the completed but unreturned allocation
OK: memory syscalls and failed-restoration recovery preserve every captured extension byte and the original CPU mode
OK: the borrowed stack bytes, including nonzero sentinel data, are restored exactly
OK: the vector target remains live, makes progress and resumes normal console work
OK: the original alternate-stack configuration and blocked signal mask survive the actual vector returns
SVE_SYSCALL_RESULT=PASSED architecture=ARM64
OK: real ARM64 extension syscall-preservation fixture starts
OK: the vector target configures an actual alternate stack and blocked signal mask
OK: the target enters a native scalable-vector CPU loop
OK: kernel register images contain real live SVE vectors, predicates and FFR
OK: the real kernel changes vector length and discards a captured live register bank
OK: opaque extension recovery restores destroyed data, vector lengths and the original streaming mode
OK: a directly restored vector target resumes only after complete verification
OK: real application memory operations complete while scalable-vector state is live
OK: failed extension restoration retains the actual mmap result and the original owner stop
OK: a target with damaged vector state remains stopped until verified recovery
OK: retry restores extensions on the original owner and unmaps the completed but unreturned allocation
OK: failed extension restoration retains the actual mmap result and the original owner stop
OK: a target with damaged vector state remains stopped until verified recovery
OK: retry restores extensions on the original owner and unmaps the completed but unreturned allocation
OK: failed extension restoration retains the actual mmap result and the original owner stop
OK: a target with damaged vector state remains stopped until verified recovery
OK: retry restores extensions on the original owner and unmaps the completed but unreturned allocation
OK: memory syscalls and failed-restoration recovery preserve every captured extension byte and the original CPU mode
OK: the borrowed stack bytes, including nonzero sentinel data, are restored exactly
OK: the vector target remains live, makes progress and resumes normal console work
OK: the original alternate-stack configuration and blocked signal mask survive the actual vector returns
MAXIMUM_SVE_SYSCALL_RESULT=PASSED architecture=ARM64
OK: a real ARM64 target starts for deferred-vector exec verification
OK: the SVE-only fixture verifies absent SME controls before scheduling its supported vector length
OK: the target schedules its SVE vector length for next exec without requiring an unavailable SME interface
OK: deferred-vector verification waits until scalable state is really live
OK: the deferred-vector target leaves its CPU loop and continues normally
OK: the target actually execs its own ARM64 image on the same PID
OK: the scheduled SVE length survives real exec and the unavailable SME interface remains rejected
DEFERRED_SVE_CONTROL_RESULT=PASSED architecture=ARM64
OK: a real ARM64 target starts for deferred-vector exec verification
OK: the SVE-only fixture verifies absent SME controls before scheduling its supported vector length
OK: the target schedules its SVE vector length for next exec without requiring an unavailable SME interface
OK: deferred-vector verification waits until scalable state is really live
OK: the deferred-vector target completes the actual allocation/protection/free operations
OK: the deferred-vector target leaves its CPU loop and continues normally
OK: the target actually execs its own ARM64 image on the same PID
OK: the scheduled SVE length survives real exec and the unavailable SME interface remains rejected
DEFERRED_SVE_SYSCALL_RESULT=PASSED architecture=ARM64
OK: a real ARM64 target starts for deferred-vector exec verification
OK: the SVE-only fixture verifies absent SME controls before scheduling its supported vector length
OK: the private executor allocates its actual scratch page before scalable state is live
OK: the target schedules its SVE vector length for next exec without requiring an unavailable SME interface
OK: deferred-vector verification waits until scalable state is really live
OK: the direct executor owns the real stopped vector target
OK: the private/quiesced executor completes real memory operations with live scalable state
OK: the direct executor returns ownership after complete register and stack restoration
OK: the deferred-vector target leaves its CPU loop and continues normally
OK: the private executor removes its original scratch mapping before exec
OK: the target actually execs its own ARM64 image on the same PID
OK: the scheduled SVE length survives real exec and the unavailable SME interface remains rejected
DEFERRED_SVE_PRIVATE_RESULT=PASSED architecture=ARM64
OK: a real ARM64 target starts for deferred-vector exec verification
OK: the SVE-only fixture verifies absent SME controls before scheduling its supported vector length
OK: the target schedules its SVE vector length for next exec without requiring an unavailable SME interface
OK: deferred-vector verification waits until scalable state is really live
OK: the direct executor owns the real stopped vector target
OK: the private/quiesced executor completes real memory operations with live scalable state
OK: the direct executor returns ownership after complete register and stack restoration
OK: the deferred-vector target leaves its CPU loop and continues normally
OK: the target actually execs its own ARM64 image on the same PID
OK: the scheduled SVE length survives real exec and the unavailable SME interface remains rejected
DEFERRED_SVE_QUIESCED_RESULT=PASSED architecture=ARM64
OK: a real ARM64 target starts for deferred-vector exec verification
OK: the SVE-only fixture verifies absent SME controls before scheduling its supported vector length
OK: the deferred-call executor reserves its private executable code and stack before scalable state is live
OK: the target schedules its SVE vector length for next exec without requiring an unavailable SME interface
OK: deferred-vector verification waits until scalable state is really live
OK: the direct executor owns the real stopped vector target
OK: a real native callee changes FP state and its signal mask, then restores scalable state and frees its private frame
OK: the direct executor returns ownership after complete register and stack restoration
OK: the deferred-vector target leaves its CPU loop and continues normally
OK: the target actually execs its own ARM64 image on the same PID
OK: the scheduled SVE length survives real exec and the unavailable SME interface remains rejected
DEFERRED_SVE_FUNCTION_RESULT=PASSED architecture=ARM64
OK: a real ARM64 target starts for vector-restoration preflight safety
OK: the guarded SVE-only fixture verifies the absent SME interface before entering scalable code
OK: the guarded target configures a real alternate stack and blocked signal mask
OK: a real seccomp filter denies signal return while allowing memory syscalls
OK: the guarded target enters a live scalable-vector CPU loop
OK: unsupported live-vector restoration is rejected before any target mutation or retained recovery
OK: preflight rejection preserves every captured vector, matrix, control and TLS byte
OK: the guarded target remains live and finishes its actual signal handler or CPU loop
OK: preflight rejection and real signal return preserve alternate-stack settings and the original signal mask
OK: the guarded target really execs its ARM64 image after rejected memory operations
OK: guarded rejection retains the scheduled SVE length through exec without inventing SME support
SVE_SECCOMP_GUARD_RESULT=PASSED architecture=ARM64
OK: a real ARM64 target starts for vector-restoration preflight safety
OK: the guarded SVE-only fixture verifies the absent SME interface before entering scalable code
OK: the guarded target configures a real alternate stack and blocked signal mask
OK: the guarded target enters a live scalable-vector CPU loop
OK: unsupported live-vector restoration is rejected before any target mutation or retained recovery
OK: preflight rejection preserves every captured vector, matrix, control and TLS byte
OK: the guarded target remains live and finishes its actual signal handler or CPU loop
OK: preflight rejection and real signal return preserve alternate-stack settings and the original signal mask
OK: the guarded target really execs its ARM64 image after rejected memory operations
OK: guarded rejection retains the scheduled SVE length through exec without inventing SME support
SVE_ALTSTACK_GUARD_RESULT=PASSED architecture=ARM64
OK: real dynamic libc/pthread fixture starts
OK: live native call ABI matches the real process
OK: library symlink with a different basename is created
OK: dlopen through a symlink runs the real target constructor
OK: an already loaded library returns its native handle without rerunning its constructor
OK: embedded NUL library paths are rejected before target execution
OK: non-executable thread entries are rejected before pthread_create
OK: a real native pthread executes, returns, and exits before completion is reported
OK: owned thread data is allocated for lifetime checks
OK: a waiting pthread reaches the deadline and is detached without an unbounded join
OK: the remote pthread has an actual Linux thread identity
OK: destroying the creating frontend does not permit freeing or protecting live worker storage
OK: the target's main loop keeps running while its new pthread waits
OK: the timed-out detached pthread later returns normally using its still-mapped code and data
OK: owned worker storage can be freed after actual kernel thread exit
OK: a fire-and-forget pthread is detached and completes normally
OK: a worker that calls pthread_detach on itself still completes by kernel thread identity
OK: pthread_exit without returning through the wrapper releases ownership after kernel exit
OK: late pthread creation has a real target callback and owned storage
OK: timed-out pthread creation retains ownership and storage before returning its handle
OK: an abandoned late-created worker is cancelled before entering user code and releases its storage
NATIVE_THREAD_LIFETIME_RESULT=PASSED width=8
OK: the original application and blocked-read sibling finish normally after injection
OK: actual glibc pthread_exit retires main while console and CPU-loop siblings survive
OK: a newly opened handle reads the real ABI and memory of a leaderless glibc process
OK: leaderless process symbol loading follows live module and filesystem metadata
OK: native library constructors execute in a real glibc process after main pthread_exit
OK: native pthread creation and actual worker-exit ownership remain usable after leader exit
OK: leaderless glibc memory operations preserve protection and release the actual mapping
OK: surviving glibc siblings continue CPU work without residual native recovery
OK: the last glibc siblings finish console work and retire the original process identity
LEADER_NATIVE_CALL_RESULT=PASSED width=8
OK: a real native process starts its relative timed kernel wait
OK: wholly syscall-parked native targets reject calls without creating a thread or retaining ownership
OK: rejected calls preserve the original timed kernel wait and normal process completion
PARKED_NATIVE_CALL_RESULT=PASSED width=8
NATIVE_INJECTOR_RESULT=PASSED width=8
OK: real ARM64 library/pthread injection completes under the guest kernel
0 failed target syscall checks
CE_VM_RESULT=PASSED
[   34.628998] reboot: Power down
