PASS raw-hex
PASS raw-escape
PASS raw-rle
PASS raw-request-retry
PASS raw-response-retry
PASS raw-console
PASS raw-bad-prefix
PASS raw-bad-rle
PASS raw-bad-escape
PASS raw-timeout
PASS raw-cancel
PASS raw-eof
PASS raw-short
PASS raw-error
PASS raw-oversized
PASS bank-only
PASS bank-read-only
PASS bank-write-only
PASS bank-unavailable
PASS bank-truncated
PASS bank-misaligned
PASS bank-oversized
PASS bank-invalid
PASS bank-p-error
PASS bank-p-malformed
PASS bank-g-error
PASS bank-G-error
PASS bank-too-large
PASS bank-disconnect
PASS bank-stall
PASS xml-cycle
PASS xml-duplicate
PASS xml-missing-bits
PASS xml-missing-arch
PASS xml
PASS chunks
PASS partial-write
PASS adapter
PASS xml-namespace
PASS adapter-bad-stop
PASS adapter-bad-map
PASS xml-dtd-default
PASS adapter-exited
PASS adapter-width
PASS adapter-endian-conflict
PASS adapter-high
PASS private-xml-linkage
PASS cli-info
PASS cli-read
PASS cli-write
PASS cli-reg
PASS cli-edit-reg
PASS cli-scan
PASS cli-scan-be-i32
PASS cli-scan-le-i32
PASS cli-scan-pointer4
PASS cli-scan-last-byte
PASS cli-high-scan
PASS cli-scan-subnormal
PASS cli-lua
PASS cli-bank-pc
PASS cli-bank-x0
PASS lua-register-bank
PASS cli-exited
PASS cli-high-lua
PASS cli-invalid-read
PASS cli-invalid-info-extra
PASS cli-invalid-info---width-4---width-8
PASS cli-invalid-info---le---be
PASS cli-invalid-write-0x1000-abc
PASS cli-invalid-scan-0x1000-10-qq
PASS cli-invalid-scan-0x1000-4-oops---type-i32
PASS cli-invalid-scan-0x1000-4-12abc---type-float
PASS cli-invalid-scan-0x1000-4-10---type-unknown
PASS cli-invalid-info---type-i32
