[    0.000000] Booting Linux on physical CPU 0x0000000000 [0x000f0510]
[    0.000000] Linux version 6.18.52-0-virt (buildozer@build-3-23-aarch64) (cc (Alpine 15.2.0) 15.2.0, GNU ld (GNU Binutils) 2.45.1) #1-Alpine SMP PREEMPT_DYNAMIC 2026-09-14 14:00:08
[    0.000000] random: crng init done
[    0.000000] Machine model: linux,dummy-virt
[    0.000000] efi: UEFI not found.
[    0.000000] OF: reserved mem: Reserved memory: No reserved-memory node in the DT
[    0.000000] NUMA: Faking a node at [mem 0x0000000040000000-0x0000000047ffffff]
[    0.000000] NODE_DATA(0) allocated [mem 0x47dbad40-0x47dbd1ff]
[    0.000000] Zone ranges:
[    0.000000]   DMA      [mem 0x0000000040000000-0x0000000047ffffff]
[    0.000000]   DMA32    empty
[    0.000000]   Normal   empty
[    0.000000] Movable zone start for each node
[    0.000000] Early memory node ranges
[    0.000000]   node   0: [mem 0x0000000040000000-0x0000000047ffffff]
[    0.000000] Initmem setup node 0 [mem 0x0000000040000000-0x0000000047ffffff]
[    0.000000] psci: probing for conduit method from DT.
[    0.000000] psci: PSCIv1.1 detected in firmware.
[    0.000000] psci: Using standard PSCI v0.2 function IDs
[    0.000000] psci: Trusted OS migration not required
[    0.000000] psci: SMC Calling Convention v1.0
[    0.000000] percpu: Embedded 34 pages/cpu s99544 r8192 d31528 u139264
[    0.000000] Detected PIPT I-cache on CPU0
[    0.000000] CPU features: detected: Address authentication (architected QARMA5 algorithm)
[    0.000000] CPU features: detected: HCRX_EL2 register
[    0.000000] CPU features: detected: Spectre-v4
[    0.000000] CPU features: detected: Spectre-BHB
[    0.000000] alternatives: applying boot alternatives
[    0.000000] Kernel command line: console=ttyAMA0 rdinit=/init panic=1
[    0.000000] printk: log buffer data + meta data: 131072 + 458752 = 589824 bytes
[    0.000000] Dentry cache hash table entries: 16384 (order: 5, 131072 bytes, linear)
[    0.000000] Inode-cache hash table entries: 8192 (order: 4, 65536 bytes, linear)
[    0.000000] software IO TLB: SWIOTLB bounce buffer size adjusted to 0MB
[    0.000000] software IO TLB: area num 1.
[    0.000000] software IO TLB: mapped [mem 0x0000000047d12000-0x0000000047d52000] (0MB)
[    0.000000] Fallback order for Node 0: 0 
[    0.000000] Built 1 zonelists, mobility grouping on.  Total pages: 32768
[    0.000000] Policy zone: DMA
[    0.000000] mem auto-init: stack:all(zero), heap alloc:on, heap free:off
[    0.000000] SLUB: HWalign=64, Order=0-3, MinObjects=0, CPUs=1, Nodes=1
[    0.000000] Dynamic Preempt: none
[    0.000000] rcu: Preemptible hierarchical RCU implementation.
[    0.000000] rcu: 	RCU restricting CPUs from NR_CPUS=4096 to nr_cpu_ids=1.
[    0.000000] 	Trampoline variant of Tasks RCU enabled.
[    0.000000] 	Tracing variant of Tasks RCU enabled.
[    0.000000] rcu: RCU calculated value of scheduler-enlistment delay is 100 jiffies.
[    0.000000] rcu: Adjusting geometry for rcu_fanout_leaf=16, nr_cpu_ids=1
[    0.000000] RCU Tasks: Setting shift to 0 and lim to 1 rcu_task_cb_adjust=1 rcu_task_cpu_ids=1.
[    0.000000] RCU Tasks Trace: Setting shift to 0 and lim to 1 rcu_task_cb_adjust=1 rcu_task_cpu_ids=1.
[    0.000000] NR_IRQS: 64, nr_irqs: 64, preallocated irqs: 0
[    0.000000] Root IRQ handler: gic_handle_irq
[    0.000000] GICv2m: range[mem 0x08020000-0x08020fff], SPI[80:143]
[    0.000000] rcu: srcu_init: Setting srcu_struct sizes based on contention.
[    0.000000] clocksource: jiffies: mask: 0xffffffff max_cycles: 0xffffffff, max_idle_ns: 1911260446275000 ns
[    0.000000] arch_timer: cp15 timer running at 62.50MHz (virt).
[    0.000000] clocksource: arch_sys_counter: mask: 0x1ffffffffffffff max_cycles: 0x1cd42e208c, max_idle_ns: 881590405314 ns
[    0.000067] sched_clock: 57 bits at 63MHz, resolution 16ns, wraps every 4398046511096ns
[    0.003701] kfence: initialized - using 2097152 bytes for 255 objects at 0x(____ptrval____)-0x(____ptrval____)
[    0.022023] Console: colour dummy device 80x25
[    0.028980] Calibrating delay loop (skipped), value calculated using timer frequency.. 125.00 BogoMIPS (lpj=62500)
[    0.030073] pid_max: default: 32768 minimum: 301
[    0.036843] LSM: initializing lsm=lockdown,capability,landlock,yama
[    0.041123] landlock: Up and running.
[    0.041200] Yama: becoming mindful.
[    0.045443] Mount-cache hash table entries: 512 (order: 0, 4096 bytes, linear)
[    0.045604] Mountpoint-cache hash table entries: 512 (order: 0, 4096 bytes, linear)
[    0.129903] rcu: Hierarchical SRCU implementation.
[    0.130010] rcu: 	Max phase no-delay instances is 400.
[    0.147190] EFI services will not be available.
[    0.150259] smp: Bringing up secondary CPUs ...
[    0.151460] smp: Brought up 1 node, 1 CPU
[    0.152081] SMP: Total of 1 processors activated.
[    0.152227] CPU: All CPU(s) started at EL1
[    0.152827] CPU features: detected: Branch Target Identification
[    0.152908] CPU features: detected: 32-bit EL0 Support
[    0.152956] CPU features: detected: 32-bit EL1 Support
[    0.152999] CPU features: detected: ARMv8.4 Translation Table Level
[    0.153064] CPU features: detected: Data cache clean to the PoU not required for I/D coherence
[    0.153198] CPU features: detected: Common not Private translations
[    0.153241] CPU features: detected: CRC32 instructions
[    0.153283] CPU features: detected: Data independent timing control (DIT)
[    0.153324] CPU features: detected: E0PD
[    0.153375] CPU features: detected: Enhanced Privileged Access Never
[    0.153416] CPU features: detected: Enhanced Virtualization Traps
[    0.153462] CPU features: detected: Fine Grained Traps
[    0.153614] CPU features: detected: Generic authentication (architected QARMA5 algorithm)
[    0.154121] CPU features: detected: RCpc load-acquire (LDAPR)
[    0.154210] CPU features: detected: 52-bit Virtual Addressing for KVM (LPA2)
[    0.154253] CPU features: detected: LSE atomic instructions
[    0.154295] CPU features: detected: Memory Copy and Memory Set instructions
[    0.154338] CPU features: detected: Privileged Access Never
[    0.154395] CPU features: detected: RAS Extension Support
[    0.154510] CPU features: detected: RASv1p1 Extension Support
[    0.154553] CPU features: detected: Random Number Generator
[    0.154594] CPU features: detected: Speculation barrier (SB)
[    0.154635] CPU features: detected: Stage-2 Force Write-Back
[    0.154681] CPU features: detected: Trap EL0 IMPLEMENTATION DEFINED functionality
[    0.154723] CPU features: detected: TLB range maintenance instructions
[    0.154881] CPU features: detected: Scalable Matrix Extension
[    0.154925] CPU features: detected: FA64
[    0.154971] CPU features: detected: Speculative Store Bypassing Safe (SSBS)
[    0.155013] CPU features: detected: Scalable Vector Extension
[    0.171777] alternatives: applying system-wide alternatives
[    0.188035] CPU features: detected: Hardware dirty bit management on CPU0
[    0.189333] SVE: maximum available vector length 256 bytes per vector
[    0.189554] SVE: default vector length 64 bytes per vector
[    0.191659] SME: minimum available vector length 16 bytes per vector
[    0.191713] SME: maximum available vector length 256 bytes per vector
[    0.191761] SME: default vector length 32 bytes per vector
[    0.210114] Memory: 85660K/131072K available (13312K kernel code, 1994K rwdata, 8420K rodata, 2048K init, 9282K bss, 43288K reserved, 0K cma-reserved)
[    0.244553] devtmpfs: initialized
[    0.319171] posixtimers hash table entries: 512 (order: 1, 8192 bytes, linear)
[    0.319709] futex hash table entries: 256 (16384 bytes on 1 NUMA nodes, total 16 KiB, linear).
[    0.321211] 23920 pages in range for non-PLT usage
[    0.321305] 515440 pages in range for PLT usage
[    0.326286] pinctrl core: initialized pinctrl subsystem
[    0.333261] DMI not present or invalid.
[    0.362157] NET: Registered PF_NETLINK/PF_ROUTE protocol family
[    0.372697] DMA: preallocated 128 KiB GFP_KERNEL pool for atomic allocations
[    0.373376] DMA: preallocated 128 KiB GFP_KERNEL|GFP_DMA pool for atomic allocations
[    0.373846] DMA: preallocated 128 KiB GFP_KERNEL|GFP_DMA32 pool for atomic allocations
[    0.374440] audit: initializing netlink subsys (disabled)
[    0.384515] thermal_sys: Registered thermal governor 'step_wise'
[    0.386194] audit: type=2000 audit(0.298:1): state=initialized audit_enabled=0 res=1
[    0.387874] cpuidle: using governor ladder
[    0.388349] cpuidle: using governor menu
[    0.390154] hw-breakpoint: found 6 breakpoint and 4 watchpoint registers.
[    0.390909] ASID allocator initialised with 65536 entries
[    0.394524] Serial: AMBA PL011 UART driver
[    0.526790] 9000000.pl011: ttyAMA0 at MMIO 0x9000000 (irq = 13, base_baud = 0) is a PL011 rev1
[    0.531312] printk: console [ttyAMA0] enabled
[    0.662669] HugeTLB: registered 1.00 GiB page size, pre-allocated 0 pages
[    0.663385] HugeTLB: 0 KiB vmemmap can be freed for a 1.00 GiB page
[    0.663538] HugeTLB: registered 32.0 MiB page size, pre-allocated 0 pages
[    0.663638] HugeTLB: 0 KiB vmemmap can be freed for a 32.0 MiB page
[    0.663757] HugeTLB: registered 2.00 MiB page size, pre-allocated 0 pages
[    0.663851] HugeTLB: 0 KiB vmemmap can be freed for a 2.00 MiB page
[    0.663971] HugeTLB: registered 64.0 KiB page size, pre-allocated 0 pages
[    0.664065] HugeTLB: 0 KiB vmemmap can be freed for a 64.0 KiB page
[    0.731977] ACPI: Interpreter disabled.
[    0.733309] iommu: Default domain type: Translated
[    0.733450] iommu: DMA domain TLB invalidation policy: lazy mode
[    0.818726] clocksource: Switched to clocksource arch_sys_counter
[    0.956937] VFS: Disk quotas dquot_6.6.0
[    0.957477] VFS: Dquot-cache hash table entries: 512 (order 0, 4096 bytes)
[    0.965068] pnp: PnP ACPI: disabled
[    1.085557] NET: Registered PF_INET protocol family
[    1.087240] IP idents hash table entries: 2048 (order: 2, 16384 bytes, linear)
[    1.480877] tcp_listen_portaddr_hash hash table entries: 256 (order: 0, 4096 bytes, linear)
[    1.481171] Table-perturb hash table entries: 65536 (order: 6, 262144 bytes, linear)
[    1.481549] TCP established hash table entries: 1024 (order: 1, 8192 bytes, linear)
[    1.481859] TCP bind hash table entries: 1024 (order: 3, 32768 bytes, linear)
[    1.482134] TCP: Hash tables configured (established 1024 bind 1024)
[    1.485324] MPTCP token hash table entries: 256 (order: 1, 6144 bytes, linear)
[    1.486105] UDP hash table entries: 256 (order: 2, 16384 bytes, linear)
[    1.486672] UDP-Lite hash table entries: 256 (order: 2, 16384 bytes, linear)
[    1.490010] NET: Registered PF_UNIX/PF_LOCAL protocol family
[    1.490944] NET: Registered PF_XDP protocol family
[    1.491602] PCI: CLS 0 bytes, default 64
[    1.510793] Unpacking initramfs...
[    1.528006] kvm [1]: HYP mode not available
[    1.542998] Initialise system trusted keyrings
[    1.570317] workingset: timestamp_bits=44 max_order=15 bucket_order=0
[    2.081627] Key type asymmetric registered
[    2.081863] Asymmetric key parser 'x509' registered
[    2.082877] Block layer SCSI generic (bsg) driver version 0.4 loaded (major 248)
[    2.269466] Freeing initrd memory: 1532K
[    2.286853] io scheduler mq-deadline registered
[    2.287122] io scheduler kyber registered
[    2.287833] io scheduler bfq registered
[    2.307737] pci-host-generic 4010000000.pcie: host bridge /pcie@10000000 ranges:
[    2.309085] pci-host-generic 4010000000.pcie:       IO 0x003eff0000..0x003effffff -> 0x0000000000
[    2.310002] pci-host-generic 4010000000.pcie:      MEM 0x0010000000..0x003efeffff -> 0x0010000000
[    2.310309] pci-host-generic 4010000000.pcie:      MEM 0x8000000000..0xffffffffff -> 0x8000000000
[    2.311320] pci-host-generic 4010000000.pcie: Memory resource size exceeds max for 32 bits
[    2.327612] pci-host-generic 4010000000.pcie: ECAM at [mem 0x4010000000-0x401fffffff] for [bus 00-ff]
[    2.332190] pci-host-generic 4010000000.pcie: PCI host bridge to bus 0000:00
[    2.332787] pci_bus 0000:00: root bus resource [bus 00-ff]
[    2.333020] pci_bus 0000:00: root bus resource [io  0x0000-0xffff]
[    2.333223] pci_bus 0000:00: root bus resource [mem 0x10000000-0x3efeffff]
[    2.333494] pci_bus 0000:00: root bus resource [mem 0x8000000000-0xffffffffff]
[    2.335513] pci 0000:00:00.0: [1b36:0008] type 00 class 0x060000 conventional PCI endpoint
[    2.349781] pci_bus 0000:00: resource 4 [io  0x0000-0xffff]
[    2.349978] pci_bus 0000:00: resource 5 [mem 0x10000000-0x3efeffff]
[    2.350136] pci_bus 0000:00: resource 6 [mem 0x8000000000-0xffffffffff]
[    2.393935] Serial: 8250/16550 driver, 4 ports, IRQ sharing enabled
[    2.485301] hv_vmbus: registering driver hyperv_keyboard
[    2.508850] rtc-pl031 9010000.pl031: registered as rtc0
[    2.509817] rtc-pl031 9010000.pl031: setting system clock to 2026-10-06T03:16:13 UTC (1791256573)
[    2.520849] NET: Registered PF_INET6 protocol family
[    2.553538] Segment Routing with IPv6
[    2.554230] In-situ OAM (IOAM) with IPv6
[    2.930167] registered taskstats version 1
[    2.940998] Loading compiled-in X.509 certificates
[    2.969904] Loaded X.509 cert 'alpinelinux.org: Alpine Linux kernel key: 87fa969a47f3e2a6aa35859eb932a17c95abcd82'
[    3.226017] Demotion targets for Node 0: null
[    3.231333] Key type .fscrypt registered
[    3.231608] Key type fscrypt-provisioning registered
[    3.279940] clk: Disabling unused clocks
[    3.280614] PM: genpd: Disabling unused power domains
[    3.620039] Freeing unused kernel memory: 2048K
[    3.623289] Run /init as init process
CODE_WRITE_KERNEL=6.18.52-0-virt pageSize=4096
OK: independent executable fixture warms its original code before remote edits
OK: original code straddles two real RX pages with exact baseline bytes
OK: remote code write changes actual execution across page boundaries without adding write permission
OK: cross-page code transfer preserves both neighboring bytes
OK: shared restoration restores actual execution and RX protection exactly
OK: production NOP helper uses target instruction bytes and preserves the RX mapping
OK: production NOP undo restores the complete original instruction and execution
OK: actual debugger holds the fixture at an all-stop before a code edit
OK: code edits work with a different debugger owner thread without borrowing registers or resuming the target
OK: the debugger releases its original syscall wait and edited code executes normally
OK: original execution survives debugger-owned code editing and restoration
OK: a three-chunk executable transfer verifies every byte, both neighbors and unchanged original execution
OK: a three-chunk executable transfer restores its complete original RX image
OK: a later-chunk short or post-mutation failure restores the full completed prefix and ambiguous chunk
OK: a later-chunk short or post-mutation failure restores the full completed prefix and ambiguous chunk
OK: short, dropped or post-mutation code writes report failure and restore the actual original code
OK: short, dropped or post-mutation code writes report failure and restore the actual original code
OK: short, dropped or post-mutation code writes report failure and restore the actual original code
OK: failed original-byte restoration retains native recovery ownership before returning an error
OK: pending code restoration blocks protection changes instead of discarding its recovery storage
OK: explicit recovery restores original code and releases the retained failure record
OK: reentrant mutators cannot erase an in-progress native inspection's recovery reservation
OK: a real same-file exec replaces the address space while original-code recovery is pending
OK: pinned-mm recovery retires after exec without writing stale bytes into the replacement image
OK: the independent fixture exits normally after all actual code and recovery operations
OK: the same kernel-backed code path edits the frontend's own RX mapping without ptrace self-attachment
OK: self-code restoration preserves execution and releases its owned mappings
CODE_WRITE_RESULT=PASSED checks=27 failures=0
[    4.416773] reboot: Power down
